Archive member included to satisfy reference by file (symbol)

C:/ST/STM32CubeIDE_1.19.0/STM32CubeIDE/plugins/com.st.stm32cube.ide.mcu.externaltools.gnu-tools-for-stm32.13.3.rel1.win32_1.0.0.202411081344/tools/bin/../lib/gcc/arm-none-eabi/13.3.1/thumb/v7e-m+fp/hard\libgcc.a(_aeabi_ldivmod.o)
                              C:\Users\Nguyen\Downloads\smt32_sum\build\17_stm32f4xx_hal_rcc.o (__aeabi_ldivmod)
C:/ST/STM32CubeIDE_1.19.0/STM32CubeIDE/plugins/com.st.stm32cube.ide.mcu.externaltools.gnu-tools-for-stm32.13.3.rel1.win32_1.0.0.202411081344/tools/bin/../lib/gcc/arm-none-eabi/13.3.1/thumb/v7e-m+fp/hard\libgcc.a(_aeabi_uldivmod.o)
                              C:\Users\Nguyen\Downloads\smt32_sum\build\17_stm32f4xx_hal_rcc.o (__aeabi_uldivmod)
C:/ST/STM32CubeIDE_1.19.0/STM32CubeIDE/plugins/com.st.stm32cube.ide.mcu.externaltools.gnu-tools-for-stm32.13.3.rel1.win32_1.0.0.202411081344/tools/bin/../lib/gcc/arm-none-eabi/13.3.1/thumb/v7e-m+fp/hard\libgcc.a(_udivmoddi4.o)
                              C:/ST/STM32CubeIDE_1.19.0/STM32CubeIDE/plugins/com.st.stm32cube.ide.mcu.externaltools.gnu-tools-for-stm32.13.3.rel1.win32_1.0.0.202411081344/tools/bin/../lib/gcc/arm-none-eabi/13.3.1/thumb/v7e-m+fp/hard\libgcc.a(_aeabi_ldivmod.o) (__udivmoddi4)
C:/ST/STM32CubeIDE_1.19.0/STM32CubeIDE/plugins/com.st.stm32cube.ide.mcu.externaltools.gnu-tools-for-stm32.13.3.rel1.win32_1.0.0.202411081344/tools/bin/../lib/gcc/arm-none-eabi/13.3.1/thumb/v7e-m+fp/hard\libgcc.a(_dvmd_tls.o)
                              C:/ST/STM32CubeIDE_1.19.0/STM32CubeIDE/plugins/com.st.stm32cube.ide.mcu.externaltools.gnu-tools-for-stm32.13.3.rel1.win32_1.0.0.202411081344/tools/bin/../lib/gcc/arm-none-eabi/13.3.1/thumb/v7e-m+fp/hard\libgcc.a(_aeabi_ldivmod.o) (__aeabi_ldiv0)
C:/ST/STM32CubeIDE_1.19.0/STM32CubeIDE/plugins/com.st.stm32cube.ide.mcu.externaltools.gnu-tools-for-stm32.13.3.rel1.win32_1.0.0.202411081344/tools/bin/../lib/gcc/arm-none-eabi/13.3.1/../../../../arm-none-eabi/lib/thumb/v7e-m+fp/hard\libg_nano.a(libc_a-memmove.o)
                              C:\Users\Nguyen\Downloads\smt32_sum\build\0_define_STM32F411xE.o (memmove)
C:/ST/STM32CubeIDE_1.19.0/STM32CubeIDE/plugins/com.st.stm32cube.ide.mcu.externaltools.gnu-tools-for-stm32.13.3.rel1.win32_1.0.0.202411081344/tools/bin/../lib/gcc/arm-none-eabi/13.3.1/../../../../arm-none-eabi/lib/thumb/v7e-m+fp/hard\libg_nano.a(libc_a-memset.o)
                              C:\Users\Nguyen\Downloads\smt32_sum\build\0_define_STM32F411xE.o (memset)
C:/ST/STM32CubeIDE_1.19.0/STM32CubeIDE/plugins/com.st.stm32cube.ide.mcu.externaltools.gnu-tools-for-stm32.13.3.rel1.win32_1.0.0.202411081344/tools/bin/../lib/gcc/arm-none-eabi/13.3.1/../../../../arm-none-eabi/lib/thumb/v7e-m+fp/hard\libg_nano.a(libc_a-init.o)
                              C:\Users\Nguyen\Downloads\smt32_sum\build\2_startup_stm32f411xe.o (__libc_init_array)
C:/ST/STM32CubeIDE_1.19.0/STM32CubeIDE/plugins/com.st.stm32cube.ide.mcu.externaltools.gnu-tools-for-stm32.13.3.rel1.win32_1.0.0.202411081344/tools/bin/../lib/gcc/arm-none-eabi/13.3.1/../../../../arm-none-eabi/lib/thumb/v7e-m+fp/hard\libg_nano.a(libc_a-memcpy-stub.o)
                              C:\Users\Nguyen\Downloads\smt32_sum\build\0_define_STM32F411xE.o (memcpy)

Discarded input sections

 .group         0x00000000        0xc C:\Users\Nguyen\Downloads\smt32_sum\build\0_define_STM32F411xE.o
 .group         0x00000000        0xc C:\Users\Nguyen\Downloads\smt32_sum\build\0_define_STM32F411xE.o
 .group         0x00000000        0xc C:\Users\Nguyen\Downloads\smt32_sum\build\0_define_STM32F411xE.o
 .group         0x00000000        0xc C:\Users\Nguyen\Downloads\smt32_sum\build\0_define_STM32F411xE.o
 .group         0x00000000        0xc C:\Users\Nguyen\Downloads\smt32_sum\build\0_define_STM32F411xE.o
 .group         0x00000000        0xc C:\Users\Nguyen\Downloads\smt32_sum\build\0_define_STM32F411xE.o
 .group         0x00000000        0xc C:\Users\Nguyen\Downloads\smt32_sum\build\0_define_STM32F411xE.o
 .group         0x00000000        0xc C:\Users\Nguyen\Downloads\smt32_sum\build\0_define_STM32F411xE.o
 .group         0x00000000        0xc C:\Users\Nguyen\Downloads\smt32_sum\build\0_define_STM32F411xE.o
 .group         0x00000000        0xc C:\Users\Nguyen\Downloads\smt32_sum\build\0_define_STM32F411xE.o
 .group         0x00000000        0xc C:\Users\Nguyen\Downloads\smt32_sum\build\0_define_STM32F411xE.o
 .group         0x00000000        0xc C:\Users\Nguyen\Downloads\smt32_sum\build\0_define_STM32F411xE.o
 .group         0x00000000        0xc C:\Users\Nguyen\Downloads\smt32_sum\build\0_define_STM32F411xE.o
 .group         0x00000000        0xc C:\Users\Nguyen\Downloads\smt32_sum\build\0_define_STM32F411xE.o
 .group         0x00000000        0xc C:\Users\Nguyen\Downloads\smt32_sum\build\0_define_STM32F411xE.o
 .group         0x00000000        0xc C:\Users\Nguyen\Downloads\smt32_sum\build\0_define_STM32F411xE.o
[...]
Memory Configuration

Name             Origin             Length             Attributes
FLASH            0x08000000         0x00080000         xr
RAM              0x20000000         0x00020000         xrw
*default*        0x00000000         0xffffffff

Linker script and memory map

LOAD C:\Users\Nguyen\Downloads\smt32_sum\build\0_define_STM32F411xE.o
LOAD C:\Users\Nguyen\Downloads\smt32_sum\build\1_system_stm32f4xx.o
LOAD C:\Users\Nguyen\Downloads\smt32_sum\build\2_startup_stm32f411xe.o
LOAD C:\Users\Nguyen\Downloads\smt32_sum\build\3_runtime.o
LOAD C:\Users\Nguyen\Downloads\smt32_sum\build\4_stm32f4xx_hal.o
LOAD C:\Users\Nguyen\Downloads\smt32_sum\build\5_stm32f4xx_hal_cortex.o
LOAD C:\Users\Nguyen\Downloads\smt32_sum\build\6_stm32f4xx_hal_dma.o
LOAD C:\Users\Nguyen\Downloads\smt32_sum\build\7_stm32f4xx_hal_dma_ex.o
LOAD C:\Users\Nguyen\Downloads\smt32_sum\build\8_stm32f4xx_hal_flash.o
LOAD C:\Users\Nguyen\Downloads\smt32_sum\build\9_stm32f4xx_hal_flash_ex.o
LOAD C:\Users\Nguyen\Downloads\smt32_sum\build\10_stm32f4xx_hal_gpio.o
LOAD C:\Users\Nguyen\Downloads\smt32_sum\build\11_stm32f4xx_hal_i2c.o
LOAD C:\Users\Nguyen\Downloads\smt32_sum\build\12_stm32f4xx_hal_i2c_ex.o
LOAD C:\Users\Nguyen\Downloads\smt32_sum\build\13_stm32f4xx_hal_i2s.o
LOAD C:\Users\Nguyen\Downloads\smt32_sum\build\14_stm32f4xx_hal_i2s_ex.o
LOAD C:\Users\Nguyen\Downloads\smt32_sum\build\15_stm32f4xx_hal_pwr.o
LOAD C:\Users\Nguyen\Downloads\smt32_sum\build\16_stm32f4xx_hal_pwr_ex.o
LOAD C:\Users\Nguyen\Downloads\smt32_sum\build\17_stm32f4xx_hal_rcc.o
LOAD C:\Users\Nguyen\Downloads\smt32_sum\build\18_stm32f4xx_hal_rcc_ex.o
START GROUP
LOAD C:/ST/STM32CubeIDE_1.19.0/STM32CubeIDE/plugins/com.st.stm32cube.ide.mcu.externaltools.gnu-tools-for-stm32.13.3.rel1.win32_1.0.0.202411081344/tools/bin/../lib/gcc/arm-none-eabi/13.3.1/thumb/v7e-m+fp/hard\libgcc.a
LOAD C:/ST/STM32CubeIDE_1.19.0/STM32CubeIDE/plugins/com.st.stm32cube.ide.mcu.externaltools.gnu-tools-for-stm32.13.3.rel1.win32_1.0.0.202411081344/tools/bin/../lib/gcc/arm-none-eabi/13.3.1/../../../../arm-none-eabi/lib/thumb/v7e-m+fp/hard\libg_nano.a
LOAD C:/ST/STM32CubeIDE_1.19.0/STM32CubeIDE/plugins/com.st.stm32cube.ide.mcu.externaltools.gnu-tools-for-stm32.13.3.rel1.win32_1.0.0.202411081344/tools/bin/../lib/gcc/arm-none-eabi/13.3.1/../../../../arm-none-eabi/lib/thumb/v7e-m+fp/hard\libc_nano.a
END GROUP
START GROUP
LOAD C:/ST/STM32CubeIDE_1.19.0/STM32CubeIDE/plugins/com.st.stm32cube.ide.mcu.externaltools.gnu-tools-for-stm32.13.3.rel1.win32_1.0.0.202411081344/tools/bin/../lib/gcc/arm-none-eabi/13.3.1/thumb/v7e-m+fp/hard\libgcc.a
LOAD C:/ST/STM32CubeIDE_1.19.0/STM32CubeIDE/plugins/com.st.stm32cube.ide.mcu.externaltools.gnu-tools-for-stm32.13.3.rel1.win32_1.0.0.202411081344/tools/bin/../lib/gcc/arm-none-eabi/13.3.1/../../../../arm-none-eabi/lib/thumb/v7e-m+fp/hard\libc_nano.a
LOAD C:/ST/STM32CubeIDE_1.19.0/STM32CubeIDE/plugins/com.st.stm32cube.ide.mcu.externaltools.gnu-tools-for-stm32.13.3.rel1.win32_1.0.0.202411081344/tools/bin/../lib/gcc/arm-none-eabi/13.3.1/../../../../arm-none-eabi/lib/thumb/v7e-m+fp/hard\libnosys.a
END GROUP
START GROUP
LOAD C:/ST/STM32CubeIDE_1.19.0/STM32CubeIDE/plugins/com.st.stm32cube.ide.mcu.externaltools.gnu-tools-for-stm32.13.3.rel1.win32_1.0.0.202411081344/tools/bin/../lib/gcc/arm-none-eabi/13.3.1/thumb/v7e-m+fp/hard\libgcc.a
LOAD C:/ST/STM32CubeIDE_1.19.0/STM32CubeIDE/plugins/com.st.stm32cube.ide.mcu.externaltools.gnu-tools-for-stm32.13.3.rel1.win32_1.0.0.202411081344/tools/bin/../lib/gcc/arm-none-eabi/13.3.1/../../../../arm-none-eabi/lib/thumb/v7e-m+fp/hard\libc_nano.a
LOAD C:/ST/STM32CubeIDE_1.19.0/STM32CubeIDE/plugins/com.st.stm32cube.ide.mcu.externaltools.gnu-tools-for-stm32.13.3.rel1.win32_1.0.0.202411081344/tools/bin/../lib/gcc/arm-none-eabi/13.3.1/../../../../arm-none-eabi/lib/thumb/v7e-m+fp/hard\libnosys.a
END GROUP
                0x20020000                        _estack = (ORIGIN (RAM) + LENGTH (RAM))

.isr_vector     0x08000000      0x198
                0x08000000                        . = ALIGN (0x4)
 *(.isr_vector)
 .isr_vector    0x08000000      0x198 C:\Users\Nguyen\Downloads\smt32_sum\build\2_startup_stm32f411xe.o
                0x08000000                g_pfnVectors

.text           0x08000198     0x4038
 *(.text*)
 .text.put32    0x08000198       0x12 C:\Users\Nguyen\Downloads\smt32_sum\build\0_define_STM32F411xE.o
 .text.crc16    0x080001aa       0x32 C:\Users\Nguyen\Downloads\smt32_sum\build\0_define_STM32F411xE.o
 .text.tx_free  0x080001dc       0x18 C:\Users\Nguyen\Downloads\smt32_sum\build\0_define_STM32F411xE.o
 .text.audio_reset
                0x080001f4       0x5c C:\Users\Nguyen\Downloads\smt32_sum\build\0_define_STM32F411xE.o
 .text.fill_audio
                0x08000250       0xf4 C:\Users\Nguyen\Downloads\smt32_sum\build\0_define_STM32F411xE.o
 .text.gpio_af  0x08000344       0x24 C:\Users\Nguyen\Downloads\smt32_sum\build\0_define_STM32F411xE.o
 .text.packet_send
                0x08000368       0xb0 C:\Users\Nguyen\Downloads\smt32_sum\build\0_define_STM32F411xE.o
 .text.button_service
                0x08000418       0xd4 C:\Users\Nguyen\Downloads\smt32_sum\build\0_define_STM32F411xE.o
 .text.codec_write
                0x080004ec       0x30 C:\Users\Nguyen\Downloads\smt32_sum\build\0_define_STM32F411xE.o
 .text.tof_command
                0x0800051c       0x78 C:\Users\Nguyen\Downloads\smt32_sum\build\0_define_STM32F411xE.o
 .text.tof_rx   0x08000594       0x38 C:\Users\Nguyen\Downloads\smt32_sum\build\0_define_STM32F411xE.o
 .text.tof_fail
                0x080005cc       0xa4 C:\Users\Nguyen\Downloads\smt32_sum\build\0_define_STM32F411xE.o
 .text.tof_complete
                0x08000670       0xdc C:\Users\Nguyen\Downloads\smt32_sum\build\0_define_STM32F411xE.o
 .text.USART2_IRQHandler
                0x0800074c       0xac C:\Users\Nguyen\Downloads\smt32_sum\build\0_define_STM32F411xE.o
                0x0800074c                USART2_IRQHandler
 .text.SysTick_Handler
                0x080007f8        0x4 C:\Users\Nguyen\Downloads\smt32_sum\build\0_define_STM32F411xE.o
                0x080007f8                SysTick_Handler
 .text.EXTI0_IRQHandler
                0x080007fc       0x20 C:\Users\Nguyen\Downloads\smt32_sum\build\0_define_STM32F411xE.o
                0x080007fc                EXTI0_IRQHandler
 .text.DMA1_Stream5_IRQHandler
                0x0800081c        0xc C:\Users\Nguyen\Downloads\smt32_sum\build\0_define_STM32F411xE.o
                0x0800081c                DMA1_Stream5_IRQHandler
 .text.I2C2_EV_IRQHandler
                0x08000828        0xc C:\Users\Nguyen\Downloads\smt32_sum\build\0_define_STM32F411xE.o
                0x08000828                I2C2_EV_IRQHandler
 .text.I2C2_ER_IRQHandler
                0x08000834        0xc C:\Users\Nguyen\Downloads\smt32_sum\build\0_define_STM32F411xE.o
                0x08000834                I2C2_ER_IRQHandler
 .text.HAL_I2S_TxHalfCpltCallback
                0x08000840       0x14 C:\Users\Nguyen\Downloads\smt32_sum\build\0_define_STM32F411xE.o
                0x08000840                HAL_I2S_TxHalfCpltCallback
 .text.HAL_I2S_TxCpltCallback
                0x08000854       0x14 C:\Users\Nguyen\Downloads\smt32_sum\build\0_define_STM32F411xE.o
                0x08000854                HAL_I2S_TxCpltCallback
 .text.HAL_I2S_ErrorCallback
                0x08000868       0x18 C:\Users\Nguyen\Downloads\smt32_sum\build\0_define_STM32F411xE.o
                0x08000868                HAL_I2S_ErrorCallback
 .text.HAL_I2C_MasterTxCpltCallback
                0x08000880       0x18 C:\Users\Nguyen\Downloads\smt32_sum\build\0_define_STM32F411xE.o
                0x08000880                HAL_I2C_MasterTxCpltCallback
 .text.HAL_I2C_MasterRxCpltCallback
                0x08000898        0x4 C:\Users\Nguyen\Downloads\smt32_sum\build\0_define_STM32F411xE.o
                0x08000898                HAL_I2C_MasterRxCpltCallback
 .text.HAL_I2C_ErrorCallback
                0x0800089c       0x18 C:\Users\Nguyen\Downloads\smt32_sum\build\0_define_STM32F411xE.o
                0x0800089c                HAL_I2C_ErrorCallback
 .text.startup.main
                0x080008b4      0xb0c C:\Users\Nguyen\Downloads\smt32_sum\build\0_define_STM32F411xE.o
                0x080008b4                main
 .text.SystemInit
                0x080013c0       0x14 C:\Users\Nguyen\Downloads\smt32_sum\build\1_system_stm32f4xx.o
                0x080013c0                SystemInit
 .text.Reset_Handler
                0x080013d4       0x50 C:\Users\Nguyen\Downloads\smt32_sum\build\2_startup_stm32f411xe.o
                0x080013d4                Reset_Handler
 .text.Default_Handler
                0x08001424        0x2 C:\Users\Nguyen\Downloads\smt32_sum\build\2_startup_stm32f411xe.o
                0x08001424                RTC_Alarm_IRQHandler
                0x08001424                EXTI2_IRQHandler
                0x08001424                DebugMon_Handler
                0x08001424                SPI4_IRQHandler
                0x08001424                TIM1_CC_IRQHandler
                0x08001424                DMA2_Stream5_IRQHandler
                0x08001424                HardFault_Handler
                0x08001424                PVD_IRQHandler
                0x08001424                SDIO_IRQHandler
                0x08001424                TAMP_STAMP_IRQHandler
                0x08001424                PendSV_Handler
                0x08001424                NMI_Handler
                0x08001424                EXTI3_IRQHandler
                0x08001424                TIM1_UP_TIM10_IRQHandler
                0x08001424                I2C3_ER_IRQHandler
                0x08001424                DMA1_Stream2_IRQHandler
                0x08001424                FPU_IRQHandler
                0x08001424                UsageFault_Handler
                0x08001424                DMA2_Stream2_IRQHandler
                0x08001424                SPI1_IRQHandler
                0x08001424                TIM1_BRK_TIM9_IRQHandler
                0x08001424                DMA2_Stream3_IRQHandler
                0x08001424                USART6_IRQHandler
                0x08001424                DMA2_Stream0_IRQHandler
                0x08001424                TIM4_IRQHandler
                0x08001424                I2C1_EV_IRQHandler
                0x08001424                DMA1_Stream6_IRQHandler
                0x08001424                DMA1_Stream1_IRQHandler
                0x08001424                TIM3_IRQHandler
                0x08001424                RCC_IRQHandler
                0x08001424                Default_Handler
                0x08001424                EXTI15_10_IRQHandler
                0x08001424                ADC_IRQHandler
                0x08001424                DMA1_Stream7_IRQHandler
                0x08001424                SPI5_IRQHandler
                0x08001424                TIM5_IRQHandler
                0x08001424                DMA2_Stream7_IRQHandler
                0x08001424                I2C3_EV_IRQHandler
                0x08001424                EXTI9_5_IRQHandler
                0x08001424                RTC_WKUP_IRQHandler
                0x08001424                SPI2_IRQHandler
                0x08001424                MemManage_Handler
                0x08001424                DMA1_Stream0_IRQHandler
                0x08001424                SVC_Handler
                0x08001424                EXTI4_IRQHandler
                0x08001424                WWDG_IRQHandler
                0x08001424                TIM2_IRQHandler
                0x08001424                OTG_FS_WKUP_IRQHandler
                0x08001424                TIM1_TRG_COM_TIM11_IRQHandler
                0x08001424                EXTI1_IRQHandler
                0x08001424                DMA2_Stream1_IRQHandler
                0x08001424                FLASH_IRQHandler
                0x08001424                DMA2_Stream4_IRQHandler
                0x08001424                BusFault_Handler
                0x08001424                USART1_IRQHandler
                0x08001424                OTG_FS_IRQHandler
                0x08001424                SPI3_IRQHandler
                0x08001424                DMA1_Stream4_IRQHandler
                0x08001424                I2C1_ER_IRQHandler
                0x08001424                DMA2_Stream6_IRQHandler
                0x08001424                DMA1_Stream3_IRQHandler
 .text._init    0x08001426        0x2 C:\Users\Nguyen\Downloads\smt32_sum\build\3_runtime.o
                0x08001426                _init
 .text._fini    0x08001428        0x2 C:\Users\Nguyen\Downloads\smt32_sum\build\3_runtime.o
                0x08001428                _fini
 .text.HAL_MspInit
                0x0800142a        0x2 C:\Users\Nguyen\Downloads\smt32_sum\build\4_stm32f4xx_hal.o
                0x0800142a                HAL_MspInit
 .text.HAL_InitTick
                0x0800142c       0x48 C:\Users\Nguyen\Downloads\smt32_sum\build\4_stm32f4xx_hal.o
                0x0800142c                HAL_InitTick
 .text.HAL_Init
                0x08001474       0x34 C:\Users\Nguyen\Downloads\smt32_sum\build\4_stm32f4xx_hal.o
                0x08001474                HAL_Init
 .text.HAL_IncTick
                0x080014a8       0x18 C:\Users\Nguyen\Downloads\smt32_sum\build\4_stm32f4xx_hal.o
                0x080014a8                HAL_IncTick
 .text.HAL_GetTick
                0x080014c0        0xc C:\Users\Nguyen\Downloads\smt32_sum\build\4_stm32f4xx_hal.o
                0x080014c0                HAL_GetTick
 .text.HAL_Delay
                0x080014cc       0x28 C:\Users\Nguyen\Downloads\smt32_sum\build\4_stm32f4xx_hal.o
                0x080014cc                HAL_Delay
 .text.HAL_NVIC_SetPriorityGrouping
                0x080014f4       0x24 C:\Users\Nguyen\Downloads\smt32_sum\build\5_stm32f4xx_hal_cortex.o
                0x080014f4                HAL_NVIC_SetPriorityGrouping
 .text.HAL_NVIC_SetPriority
                0x08001518       0x64 C:\Users\Nguyen\Downloads\smt32_sum\build\5_stm32f4xx_hal_cortex.o
                0x08001518                HAL_NVIC_SetPriority
 .text.HAL_NVIC_EnableIRQ
                0x0800157c       0x1c C:\Users\Nguyen\Downloads\smt32_sum\build\5_stm32f4xx_hal_cortex.o
                0x0800157c                HAL_NVIC_EnableIRQ
 .text.HAL_NVIC_DisableIRQ
                0x08001598       0x24 C:\Users\Nguyen\Downloads\smt32_sum\build\5_stm32f4xx_hal_cortex.o
                0x08001598                HAL_NVIC_DisableIRQ
 .text.HAL_SYSTICK_Config
                0x080015bc       0x28 C:\Users\Nguyen\Downloads\smt32_sum\build\5_stm32f4xx_hal_cortex.o
                0x080015bc                HAL_SYSTICK_Config
 .text.HAL_NVIC_ClearPendingIRQ
                0x080015e4       0x1c C:\Users\Nguyen\Downloads\smt32_sum\build\5_stm32f4xx_hal_cortex.o
                0x080015e4                HAL_NVIC_ClearPendingIRQ
 .text.DMA_CalcBaseAndBitshift
                0x08001600       0x2c C:\Users\Nguyen\Downloads\smt32_sum\build\6_stm32f4xx_hal_dma.o
 .text.HAL_DMA_Init
                0x0800162c       0xfc C:\Users\Nguyen\Downloads\smt32_sum\build\6_stm32f4xx_hal_dma.o
                0x0800162c                HAL_DMA_Init
 .text.HAL_DMA_Start_IT
                0x08001728       0x72 C:\Users\Nguyen\Downloads\smt32_sum\build\6_stm32f4xx_hal_dma.o
                0x08001728                HAL_DMA_Start_IT
 .text.HAL_DMA_Abort_IT
                0x0800179a       0x24 C:\Users\Nguyen\Downloads\smt32_sum\build\6_stm32f4xx_hal_dma.o
                0x0800179a                HAL_DMA_Abort_IT
 *fill*         0x080017be        0x2 
 .text.HAL_DMA_IRQHandler
                0x080017c0      0x17c C:\Users\Nguyen\Downloads\smt32_sum\build\6_stm32f4xx_hal_dma.o
                0x080017c0                HAL_DMA_IRQHandler
 .text.HAL_DMA_GetState
                0x0800193c        0x6 C:\Users\Nguyen\Downloads\smt32_sum\build\6_stm32f4xx_hal_dma.o
                0x0800193c                HAL_DMA_GetState
 *fill*         0x08001942        0x2 
 .text.HAL_GPIO_Init
                0x08001944      0x18c C:\Users\Nguyen\Downloads\smt32_sum\build\10_stm32f4xx_hal_gpio.o
                0x08001944                HAL_GPIO_Init
 .text.I2C_IsAcknowledgeFailed
                0x08001ad0       0x34 C:\Users\Nguyen\Downloads\smt32_sum\build\11_stm32f4xx_hal_i2c.o
 .text.I2C_WaitOnFlagUntilTimeout
                0x08001b04       0x80 C:\Users\Nguyen\Downloads\smt32_sum\build\11_stm32f4xx_hal_i2c.o
 .text.I2C_WaitOnMasterAddressFlagUntilTimeout
                0x08001b84       0x84 C:\Users\Nguyen\Downloads\smt32_sum\build\11_stm32f4xx_hal_i2c.o
 .text.I2C_WaitOnTXEFlagUntilTimeout
                0x08001c08       0x54 C:\Users\Nguyen\Downloads\smt32_sum\build\11_stm32f4xx_hal_i2c.o
 .text.I2C_RequestMemoryWrite
                0x08001c5c       0xb4 C:\Users\Nguyen\Downloads\smt32_sum\build\11_stm32f4xx_hal_i2c.o
 .text.I2C_RequestMemoryRead
                0x08001d10      0x104 C:\Users\Nguyen\Downloads\smt32_sum\build\11_stm32f4xx_hal_i2c.o
 .text.I2C_WaitOnBTFFlagUntilTimeout
                0x08001e14       0x54 C:\Users\Nguyen\Downloads\smt32_sum\build\11_stm32f4xx_hal_i2c.o
 .text.I2C_WaitOnRXNEFlagUntilTimeout
                0x08001e68       0x66 C:\Users\Nguyen\Downloads\smt32_sum\build\11_stm32f4xx_hal_i2c.o
 .text.HAL_I2C_MspInit
                0x08001ece        0x2 C:\Users\Nguyen\Downloads\smt32_sum\build\11_stm32f4xx_hal_i2c.o
                0x08001ece                HAL_I2C_MspInit
 .text.HAL_I2C_Init
                0x08001ed0      0x150 C:\Users\Nguyen\Downloads\smt32_sum\build\11_stm32f4xx_hal_i2c.o
                0x08001ed0                HAL_I2C_Init
 .text.HAL_I2C_MspDeInit
                0x08002020        0x2 C:\Users\Nguyen\Downloads\smt32_sum\build\11_stm32f4xx_hal_i2c.o
                0x08002020                HAL_I2C_MspDeInit
 .text.HAL_I2C_DeInit
                0x08002022       0x32 C:\Users\Nguyen\Downloads\smt32_sum\build\11_stm32f4xx_hal_i2c.o
                0x08002022                HAL_I2C_DeInit
 .text.HAL_I2C_Master_Transmit_IT
                0x08002054       0xac C:\Users\Nguyen\Downloads\smt32_sum\build\11_stm32f4xx_hal_i2c.o
                0x08002054                HAL_I2C_Master_Transmit_IT
 .text.HAL_I2C_Master_Receive_IT
                0x08002100       0xb4 C:\Users\Nguyen\Downloads\smt32_sum\build\11_stm32f4xx_hal_i2c.o
                0x08002100                HAL_I2C_Master_Receive_IT
 .text.HAL_I2C_Mem_Write
                0x080021b4      0x120 C:\Users\Nguyen\Downloads\smt32_sum\build\11_stm32f4xx_hal_i2c.o
                0x080021b4                HAL_I2C_Mem_Write
 .text.HAL_I2C_Mem_Read
                0x080022d4      0x220 C:\Users\Nguyen\Downloads\smt32_sum\build\11_stm32f4xx_hal_i2c.o
                0x080022d4                HAL_I2C_Mem_Read
 .text.HAL_I2C_SlaveTxCpltCallback
                0x080024f4        0x2 C:\Users\Nguyen\Downloads\smt32_sum\build\11_stm32f4xx_hal_i2c.o
                0x080024f4                HAL_I2C_SlaveTxCpltCallback
 .text.HAL_I2C_SlaveRxCpltCallback
                0x080024f6        0x2 C:\Users\Nguyen\Downloads\smt32_sum\build\11_stm32f4xx_hal_i2c.o
                0x080024f6                HAL_I2C_SlaveRxCpltCallback
 .text.HAL_I2C_AddrCallback
                0x080024f8        0x2 C:\Users\Nguyen\Downloads\smt32_sum\build\11_stm32f4xx_hal_i2c.o
                0x080024f8                HAL_I2C_AddrCallback
 .text.HAL_I2C_ListenCpltCallback
                0x080024fa        0x2 C:\Users\Nguyen\Downloads\smt32_sum\build\11_stm32f4xx_hal_i2c.o
                0x080024fa                HAL_I2C_ListenCpltCallback
 .text.HAL_I2C_MemTxCpltCallback
                0x080024fc        0x2 C:\Users\Nguyen\Downloads\smt32_sum\build\11_stm32f4xx_hal_i2c.o
                0x080024fc                HAL_I2C_MemTxCpltCallback
 .text.I2C_MemoryTransmit_TXE_BTF
                0x080024fe       0xb0 C:\Users\Nguyen\Downloads\smt32_sum\build\11_stm32f4xx_hal_i2c.o
 .text.HAL_I2C_MemRxCpltCallback
                0x080025ae        0x2 C:\Users\Nguyen\Downloads\smt32_sum\build\11_stm32f4xx_hal_i2c.o
                0x080025ae                HAL_I2C_MemRxCpltCallback
 .text.HAL_I2C_AbortCpltCallback
                0x080025b0        0x2 C:\Users\Nguyen\Downloads\smt32_sum\build\11_stm32f4xx_hal_i2c.o
                0x080025b0                HAL_I2C_AbortCpltCallback
 *fill*         0x080025b2        0x2 
 .text.I2C_DMAAbort
                0x080025b4       0xc0 C:\Users\Nguyen\Downloads\smt32_sum\build\11_stm32f4xx_hal_i2c.o
 .text.I2C_ITError
                0x08002674      0x150 C:\Users\Nguyen\Downloads\smt32_sum\build\11_stm32f4xx_hal_i2c.o
 .text.HAL_I2C_EV_IRQHandler
                0x080027c4      0x8a0 C:\Users\Nguyen\Downloads\smt32_sum\build\11_stm32f4xx_hal_i2c.o
                0x080027c4                HAL_I2C_EV_IRQHandler
 .text.HAL_I2C_ER_IRQHandler
                0x08003064      0x138 C:\Users\Nguyen\Downloads\smt32_sum\build\11_stm32f4xx_hal_i2c.o
                0x08003064                HAL_I2C_ER_IRQHandler
 .text.HAL_I2S_MspInit
                0x0800319c        0x2 C:\Users\Nguyen\Downloads\smt32_sum\build\13_stm32f4xx_hal_i2s.o
                0x0800319c                HAL_I2S_MspInit
 *fill*         0x0800319e        0x2 
 .text.HAL_I2S_Init
                0x080031a0      0x140 C:\Users\Nguyen\Downloads\smt32_sum\build\13_stm32f4xx_hal_i2s.o
                0x080031a0                HAL_I2S_Init
 .text.HAL_I2S_Transmit_DMA
                0x080032e0       0xb8 C:\Users\Nguyen\Downloads\smt32_sum\build\13_stm32f4xx_hal_i2s.o
                0x080032e0                HAL_I2S_Transmit_DMA
 .text.I2S_DMATxHalfCplt
                0x08003398        0xa C:\Users\Nguyen\Downloads\smt32_sum\build\13_stm32f4xx_hal_i2s.o
 .text.I2S_DMATxCplt
                0x080033a2       0x22 C:\Users\Nguyen\Downloads\smt32_sum\build\13_stm32f4xx_hal_i2s.o
 .text.HAL_I2S_RxCpltCallback
                0x080033c4        0x2 C:\Users\Nguyen\Downloads\smt32_sum\build\13_stm32f4xx_hal_i2s.o
                0x080033c4                HAL_I2S_RxCpltCallback
 .text.I2S_IRQHandler
                0x080033c6       0xfa C:\Users\Nguyen\Downloads\smt32_sum\build\13_stm32f4xx_hal_i2s.o
 .text.I2S_DMAError
                0x080034c0       0x28 C:\Users\Nguyen\Downloads\smt32_sum\build\13_stm32f4xx_hal_i2s.o
 .text.HAL_I2SEx_TxRxCpltCallback
                0x080034e8        0x2 C:\Users\Nguyen\Downloads\smt32_sum\build\14_stm32f4xx_hal_i2s_ex.o
                0x080034e8                HAL_I2SEx_TxRxCpltCallback
 *fill*         0x080034ea        0x2 
 .text.HAL_I2SEx_FullDuplex_IRQHandler
                0x080034ec      0x248 C:\Users\Nguyen\Downloads\smt32_sum\build\14_stm32f4xx_hal_i2s_ex.o
                0x080034ec                HAL_I2SEx_FullDuplex_IRQHandler
 .text.HAL_RCC_OscConfig
                0x08003734      0x35c C:\Users\Nguyen\Downloads\smt32_sum\build\17_stm32f4xx_hal_rcc.o
                0x08003734                HAL_RCC_OscConfig
 .text.HAL_RCC_GetSysClockFreq
                0x08003a90       0x5c C:\Users\Nguyen\Downloads\smt32_sum\build\17_stm32f4xx_hal_rcc.o
                0x08003a90                HAL_RCC_GetSysClockFreq
 .text.HAL_RCC_ClockConfig
                0x08003aec      0x134 C:\Users\Nguyen\Downloads\smt32_sum\build\17_stm32f4xx_hal_rcc.o
                0x08003aec                HAL_RCC_ClockConfig
 .text.HAL_RCC_GetPCLK1Freq
                0x08003c20       0x20 C:\Users\Nguyen\Downloads\smt32_sum\build\17_stm32f4xx_hal_rcc.o
                0x08003c20                HAL_RCC_GetPCLK1Freq
 .text.HAL_RCCEx_PeriphCLKConfig
                0x08003c40      0x144 C:\Users\Nguyen\Downloads\smt32_sum\build\18_stm32f4xx_hal_rcc_ex.o
                0x08003c40                HAL_RCCEx_PeriphCLKConfig
 .text.HAL_RCCEx_GetPeriphCLKFreq
                0x08003d84       0x58 C:\Users\Nguyen\Downloads\smt32_sum\build\18_stm32f4xx_hal_rcc_ex.o
                0x08003d84                HAL_RCCEx_GetPeriphCLKFreq
 .text          0x08003ddc       0x30 C:/ST/STM32CubeIDE_1.19.0/STM32CubeIDE/plugins/com.st.stm32cube.ide.mcu.externaltools.gnu-tools-for-stm32.13.3.rel1.win32_1.0.0.202411081344/tools/bin/../lib/gcc/arm-none-eabi/13.3.1/thumb/v7e-m+fp/hard\libgcc.a(_aeabi_uldivmod.o)
                0x08003ddc                __aeabi_uldivmod
 .text          0x08003e0c      0x2f8 C:/ST/STM32CubeIDE_1.19.0/STM32CubeIDE/plugins/com.st.stm32cube.ide.mcu.externaltools.gnu-tools-for-stm32.13.3.rel1.win32_1.0.0.202411081344/tools/bin/../lib/gcc/arm-none-eabi/13.3.1/thumb/v7e-m+fp/hard\libgcc.a(_udivmoddi4.o)
                0x08003e0c                __udivmoddi4
 .text          0x08004104        0x4 C:/ST/STM32CubeIDE_1.19.0/STM32CubeIDE/plugins/com.st.stm32cube.ide.mcu.externaltools.gnu-tools-for-stm32.13.3.rel1.win32_1.0.0.202411081344/tools/bin/../lib/gcc/arm-none-eabi/13.3.1/thumb/v7e-m+fp/hard\libgcc.a(_dvmd_tls.o)
                0x08004104                __aeabi_idiv0
                0x08004104                __aeabi_ldiv0
 .text.memmove  0x08004108       0x34 C:/ST/STM32CubeIDE_1.19.0/STM32CubeIDE/plugins/com.st.stm32cube.ide.mcu.externaltools.gnu-tools-for-stm32.13.3.rel1.win32_1.0.0.202411081344/tools/bin/../lib/gcc/arm-none-eabi/13.3.1/../../../../arm-none-eabi/lib/thumb/v7e-m+fp/hard\libg_nano.a(libc_a-memmove.o)
                0x08004108                memmove
 .text.memset   0x0800413c       0x10 C:/ST/STM32CubeIDE_1.19.0/STM32CubeIDE/plugins/com.st.stm32cube.ide.mcu.externaltools.gnu-tools-for-stm32.13.3.rel1.win32_1.0.0.202411081344/tools/bin/../lib/gcc/arm-none-eabi/13.3.1/../../../../arm-none-eabi/lib/thumb/v7e-m+fp/hard\libg_nano.a(libc_a-memset.o)
                0x0800413c                memset
 .text.__libc_init_array
                0x0800414c       0x48 C:/ST/STM32CubeIDE_1.19.0/STM32CubeIDE/plugins/com.st.stm32cube.ide.mcu.externaltools.gnu-tools-for-stm32.13.3.rel1.win32_1.0.0.202411081344/tools/bin/../lib/gcc/arm-none-eabi/13.3.1/../../../../arm-none-eabi/lib/thumb/v7e-m+fp/hard\libg_nano.a(libc_a-init.o)
                0x0800414c                __libc_init_array
 .text.memcpy   0x08004194       0x1c C:/ST/STM32CubeIDE_1.19.0/STM32CubeIDE/plugins/com.st.stm32cube.ide.mcu.externaltools.gnu-tools-for-stm32.13.3.rel1.win32_1.0.0.202411081344/tools/bin/../lib/gcc/arm-none-eabi/13.3.1/../../../../arm-none-eabi/lib/thumb/v7e-m+fp/hard\libg_nano.a(libc_a-memcpy-stub.o)
                0x08004194                memcpy
 *(.rodata*)
 .rodata.APBPrescTable
                0x080041b0        0x8 C:\Users\Nguyen\Downloads\smt32_sum\build\1_system_stm32f4xx.o
                0x080041b0                APBPrescTable
 .rodata.AHBPrescTable
                0x080041b8       0x10 C:\Users\Nguyen\Downloads\smt32_sum\build\1_system_stm32f4xx.o
                0x080041b8                AHBPrescTable
 .rodata.flagBitshiftOffset.0
                0x080041c8        0x8 C:\Users\Nguyen\Downloads\smt32_sum\build\6_stm32f4xx_hal_dma.o
 *(.init)
 *(.fini)
                0x080041d0                        . = ALIGN (0x4)

.glue_7         0x080041d0        0x0
 .glue_7        0x080041d0        0x0 linker stubs

.glue_7t        0x080041d0        0x0
 .glue_7t       0x080041d0        0x0 linker stubs

.vfp11_veneer   0x080041d0        0x0
 .vfp11_veneer  0x080041d0        0x0 linker stubs

.v4_bx          0x080041d0        0x0
 .v4_bx         0x080041d0        0x0 linker stubs

.iplt           0x080041d0        0x0
 .iplt          0x080041d0        0x0 C:\Users\Nguyen\Downloads\smt32_sum\build\0_define_STM32F411xE.o

.ARM.extab
 *(.ARM.extab*)

.ARM.exidx      0x080041d0        0x8
                0x080041d0                        __exidx_start = .
 *(.ARM.exidx*)
 .ARM.exidx     0x080041d0        0x8 C:/ST/STM32CubeIDE_1.19.0/STM32CubeIDE/plugins/com.st.stm32cube.ide.mcu.externaltools.gnu-tools-for-stm32.13.3.rel1.win32_1.0.0.202411081344/tools/bin/../lib/gcc/arm-none-eabi/13.3.1/thumb/v7e-m+fp/hard\libgcc.a(_udivmoddi4.o)
                0x080041d8                        __exidx_end = .

.rel.dyn        0x080041d8        0x0
 .rel.iplt      0x080041d8        0x0 C:\Users\Nguyen\Downloads\smt32_sum\build\0_define_STM32F411xE.o

.preinit_array  0x080041d8        0x0
                0x080041d8                        PROVIDE (__preinit_array_start = .)
 *(.preinit_array*)
                0x080041d8                        PROVIDE (__preinit_array_end = .)

.init_array     0x080041d8        0x0
                0x080041d8                        PROVIDE (__init_array_start = .)
 *(SORT_BY_NAME(.init_array.*))
 *(.init_array)
                0x080041d8                        PROVIDE (__init_array_end = .)

.fini_array     0x080041d8        0x0
                [!provide]                        PROVIDE (__fini_array_start = .)
 *(SORT_BY_NAME(.fini_array.*))
 *(.fini_array)
                [!provide]                        PROVIDE (__fini_array_end = .)
                0x080041d8                        _sidata = LOADADDR (.data)

.data           0x20000000       0x18 load address 0x080041d8
                0x20000000                        . = ALIGN (0x4)
                0x20000000                        _sdata = .
 *(.data*)
 .data.armed.9  0x20000000        0x1 C:\Users\Nguyen\Downloads\smt32_sum\build\0_define_STM32F411xE.o
 *fill*         0x20000001        0x3 
 .data.tf_next  0x20000004        0x4 C:\Users\Nguyen\Downloads\smt32_sum\build\0_define_STM32F411xE.o
 .data.tf_cmd   0x20000008        0x1 C:\Users\Nguyen\Downloads\smt32_sum\build\0_define_STM32F411xE.o
 *fill*         0x20000009        0x3 
 .data.SystemCoreClock
                0x2000000c        0x4 C:\Users\Nguyen\Downloads\smt32_sum\build\1_system_stm32f4xx.o
                0x2000000c                SystemCoreClock
 .data.uwTickFreq
                0x20000010        0x1 C:\Users\Nguyen\Downloads\smt32_sum\build\4_stm32f4xx_hal.o
                0x20000010                uwTickFreq
 *fill*         0x20000011        0x3 
 .data.uwTickPrio
                0x20000014        0x4 C:\Users\Nguyen\Downloads\smt32_sum\build\4_stm32f4xx_hal.o
                0x20000014                uwTickPrio
                0x20000018                        . = ALIGN (0x4)
                0x20000018                        _edata = .

.igot.plt       0x20000018        0x0 load address 0x080041f0
 .igot.plt      0x20000018        0x0 C:\Users\Nguyen\Downloads\smt32_sum\build\0_define_STM32F411xE.o

.bss            0x20000018     0x6f80 load address 0x080041f0
                0x20000018                        . = ALIGN (0x4)
                0x20000018                        _sbss = .
 *(.bss*)
 .bss.last.0    0x20000018        0x4 C:\Users\Nguyen\Downloads\smt32_sum\build\0_define_STM32F411xE.o
 .bss.last_crc.1
                0x2000001c        0x2 C:\Users\Nguyen\Downloads\smt32_sum\build\0_define_STM32F411xE.o
 .bss.last_type.2
                0x2000001e        0x1 C:\Users\Nguyen\Downloads\smt32_sum\build\0_define_STM32F411xE.o
 *fill*         0x2000001f        0x1 
 .bss.last_seq.3
                0x20000020        0x2 C:\Users\Nguyen\Downloads\smt32_sum\build\0_define_STM32F411xE.o
 .bss.have_last.4
                0x20000022        0x1 C:\Users\Nguyen\Downloads\smt32_sum\build\0_define_STM32F411xE.o
 .bss.buf.5     0x20000023      0x409 C:\Users\Nguyen\Downloads\smt32_sum\build\0_define_STM32F411xE.o
 .bss.last_rx.6
                0x2000042c        0x4 C:\Users\Nguyen\Downloads\smt32_sum\build\0_define_STM32F411xE.o
 .bss.used.7    0x20000430        0x2 C:\Users\Nguyen\Downloads\smt32_sum\build\0_define_STM32F411xE.o
 *fill*         0x20000432        0x2 
 .bss.accepted_edge.8
                0x20000434        0x4 C:\Users\Nguyen\Downloads\smt32_sum\build\0_define_STM32F411xE.o
 .bss.stable.10
                0x20000438        0x1 C:\Users\Nguyen\Downloads\smt32_sum\build\0_define_STM32F411xE.o
 *fill*         0x20000439        0x3 
 .bss.changed.11
                0x2000043c        0x4 C:\Users\Nguyen\Downloads\smt32_sum\build\0_define_STM32F411xE.o
 .bss.raw_last.12
                0x20000440        0x1 C:\Users\Nguyen\Downloads\smt32_sum\build\0_define_STM32F411xE.o
 .bss.tf_io     0x20000441        0x1 C:\Users\Nguyen\Downloads\smt32_sum\build\0_define_STM32F411xE.o
 *fill*         0x20000442        0x2 
 .bss.tf_started
                0x20000444        0x4 C:\Users\Nguyen\Downloads\smt32_sum\build\0_define_STM32F411xE.o
 .bss.tf_deadline
                0x20000448        0x4 C:\Users\Nguyen\Downloads\smt32_sum\build\0_define_STM32F411xE.o
 .bss.tf_chunk  0x2000044c        0x2 C:\Users\Nguyen\Downloads\smt32_sum\build\0_define_STM32F411xE.o
 .bss.tf_pos    0x2000044e        0x2 C:\Users\Nguyen\Downloads\smt32_sum\build\0_define_STM32F411xE.o
 .bss.tf_length
                0x20000450        0x2 C:\Users\Nguyen\Downloads\smt32_sum\build\0_define_STM32F411xE.o
 .bss.tf_data   0x20000452      0x100 C:\Users\Nguyen\Downloads\smt32_sum\build\0_define_STM32F411xE.o
 .bss.tf_tx     0x20000552        0x8 C:\Users\Nguyen\Downloads\smt32_sum\build\0_define_STM32F411xE.o
 .bss.tf_len    0x2000055a        0x2 C:\Users\Nguyen\Downloads\smt32_sum\build\0_define_STM32F411xE.o
 .bss.tf_reply_cmd
                0x2000055c        0x1 C:\Users\Nguyen\Downloads\smt32_sum\build\0_define_STM32F411xE.o
 .bss.tf_status
                0x2000055d        0x1 C:\Users\Nguyen\Downloads\smt32_sum\build\0_define_STM32F411xE.o
 .bss.tf_state  0x2000055e        0x1 C:\Users\Nguyen\Downloads\smt32_sum\build\0_define_STM32F411xE.o
 .bss.tof_ready
                0x2000055f        0x1 C:\Users\Nguyen\Downloads\smt32_sum\build\0_define_STM32F411xE.o
 .bss.tof_mm    0x20000560       0x80 C:\Users\Nguyen\Downloads\smt32_sum\build\0_define_STM32F411xE.o
 .bss.last_good_frame
                0x200005e0        0x4 C:\Users\Nguyen\Downloads\smt32_sum\build\0_define_STM32F411xE.o
 .bss.telemetry_drops
                0x200005e4        0x4 C:\Users\Nguyen\Downloads\smt32_sum\build\0_define_STM32F411xE.o
 .bss.crc_errors
                0x200005e8        0x4 C:\Users\Nguyen\Downloads\smt32_sum\build\0_define_STM32F411xE.o
 .bss.tof_errors
                0x200005ec        0x4 C:\Users\Nguyen\Downloads\smt32_sum\build\0_define_STM32F411xE.o
 .bss.tof_frames
                0x200005f0        0x4 C:\Users\Nguyen\Downloads\smt32_sum\build\0_define_STM32F411xE.o
 .bss.button_last_tx
                0x200005f4        0x4 C:\Users\Nguyen\Downloads\smt32_sum\build\0_define_STM32F411xE.o
 .bss.button_acked
                0x200005f8        0x4 C:\Users\Nguyen\Downloads\smt32_sum\build\0_define_STM32F411xE.o
 .bss.button_count
                0x200005fc        0x4 C:\Users\Nguyen\Downloads\smt32_sum\build\0_define_STM32F411xE.o
 .bss.exti_edges
                0x20000600        0x4 C:\Users\Nguyen\Downloads\smt32_sum\build\0_define_STM32F411xE.o
 .bss.dma_fault
                0x20000604        0x1 C:\Users\Nguyen\Downloads\smt32_sum\build\0_define_STM32F411xE.o
 .bss.audio_ok  0x20000605        0x1 C:\Users\Nguyen\Downloads\smt32_sum\build\0_define_STM32F411xE.o
 .bss.audio_draining
                0x20000606        0x1 C:\Users\Nguyen\Downloads\smt32_sum\build\0_define_STM32F411xE.o
 .bss.audio_playing
                0x20000607        0x1 C:\Users\Nguyen\Downloads\smt32_sum\build\0_define_STM32F411xE.o
 .bss.audio_active
                0x20000608        0x1 C:\Users\Nguyen\Downloads\smt32_sum\build\0_define_STM32F411xE.o
 *fill*         0x20000609        0x3 
 .bss.audio_done_tick
                0x2000060c        0x4 C:\Users\Nguyen\Downloads\smt32_sum\build\0_define_STM32F411xE.o
 .bss.samples_total
                0x20000610        0x4 C:\Users\Nguyen\Downloads\smt32_sum\build\0_define_STM32F411xE.o
 .bss.samples_received
                0x20000614        0x4 C:\Users\Nguyen\Downloads\smt32_sum\build\0_define_STM32F411xE.o
 .bss.underruns
                0x20000618        0x4 C:\Users\Nguyen\Downloads\smt32_sum\build\0_define_STM32F411xE.o
 .bss.samples_played
                0x2000061c        0x4 C:\Users\Nguyen\Downloads\smt32_sum\build\0_define_STM32F411xE.o
 .bss.pcm_tail  0x20000620        0x4 C:\Users\Nguyen\Downloads\smt32_sum\build\0_define_STM32F411xE.o
 .bss.pcm_head  0x20000624        0x4 C:\Users\Nguyen\Downloads\smt32_sum\build\0_define_STM32F411xE.o
 .bss.dma_samples
                0x20000628      0x800 C:\Users\Nguyen\Downloads\smt32_sum\build\0_define_STM32F411xE.o
 .bss.pcm       0x20000e28     0x4000 C:\Users\Nguyen\Downloads\smt32_sum\build\0_define_STM32F411xE.o
 .bss.rx_broken
                0x20004e28        0x1 C:\Users\Nguyen\Downloads\smt32_sum\build\0_define_STM32F411xE.o
 *fill*         0x20004e29        0x3 
 .bss.rx_overflows
                0x20004e2c        0x4 C:\Users\Nguyen\Downloads\smt32_sum\build\0_define_STM32F411xE.o
 .bss.uart_errors
                0x20004e30        0x4 C:\Users\Nguyen\Downloads\smt32_sum\build\0_define_STM32F411xE.o
 .bss.tx_tail   0x20004e34        0x4 C:\Users\Nguyen\Downloads\smt32_sum\build\0_define_STM32F411xE.o
 .bss.tx_head   0x20004e38        0x4 C:\Users\Nguyen\Downloads\smt32_sum\build\0_define_STM32F411xE.o
 .bss.rx_tail   0x20004e3c        0x4 C:\Users\Nguyen\Downloads\smt32_sum\build\0_define_STM32F411xE.o
 .bss.rx_head   0x20004e40        0x4 C:\Users\Nguyen\Downloads\smt32_sum\build\0_define_STM32F411xE.o
 .bss.tx_ring   0x20004e44     0x1000 C:\Users\Nguyen\Downloads\smt32_sum\build\0_define_STM32F411xE.o
 .bss.rx_ring   0x20005e44     0x1000 C:\Users\Nguyen\Downloads\smt32_sum\build\0_define_STM32F411xE.o
 .bss.audio_dma
                0x20006e44       0x60 C:\Users\Nguyen\Downloads\smt32_sum\build\0_define_STM32F411xE.o
 .bss.i2s3      0x20006ea4       0x48 C:\Users\Nguyen\Downloads\smt32_sum\build\0_define_STM32F411xE.o
 .bss.i2c2      0x20006eec       0x54 C:\Users\Nguyen\Downloads\smt32_sum\build\0_define_STM32F411xE.o
 .bss.i2c1      0x20006f40       0x54 C:\Users\Nguyen\Downloads\smt32_sum\build\0_define_STM32F411xE.o
 .bss.uwTick    0x20006f94        0x4 C:\Users\Nguyen\Downloads\smt32_sum\build\4_stm32f4xx_hal.o
                0x20006f94                uwTick
 *(COMMON)
                0x20006f98                        . = ALIGN (0x4)
                0x20006f98                        _ebss = .

.heap_stack     0x20006f98     0x1000 load address 0x080041f0
                0x20006f98                        . = ALIGN (0x8)
                [!provide]                        PROVIDE (end = .)
                [!provide]                        PROVIDE (_end = .)
                0x20007f98                        . = (. + 0x1000)
 *fill*         0x20006f98     0x1000 

/DISCARD/
 *(.note.GNU-stack)
                0x00000001                        ASSERT (((_ebss + 0x1000) <= _estack), RAM overflow: reserve 4 KiB stack)
OUTPUT(C:\Users\Nguyen\Downloads\smt32_sum\build\stm32_tof_audio.elf elf32-littlearm)
LOAD linker stubs

.debug_info     0x00000000     0xd3a3
 .debug_info    0x00000000     0x364f C:\Users\Nguyen\Downloads\smt32_sum\build\0_define_STM32F411xE.o
 .debug_info    0x0000364f      0x557 C:\Users\Nguyen\Downloads\smt32_sum\build\1_system_stm32f4xx.o
 .debug_info    0x00003ba6       0x30 C:\Users\Nguyen\Downloads\smt32_sum\build\2_startup_stm32f411xe.o
 .debug_info    0x00003bd6       0x4b C:\Users\Nguyen\Downloads\smt32_sum\build\3_runtime.o
 .debug_info    0x00003c21      0x99c C:\Users\Nguyen\Downloads\smt32_sum\build\4_stm32f4xx_hal.o
 .debug_info    0x000045bd      0xf73 C:\Users\Nguyen\Downloads\smt32_sum\build\5_stm32f4xx_hal_cortex.o
 .debug_info    0x00005530      0xaf2 C:\Users\Nguyen\Downloads\smt32_sum\build\6_stm32f4xx_hal_dma.o
 .debug_info    0x00006022      0x748 C:\Users\Nguyen\Downloads\smt32_sum\build\10_stm32f4xx_hal_gpio.o
 .debug_info    0x0000676a     0x3776 C:\Users\Nguyen\Downloads\smt32_sum\build\11_stm32f4xx_hal_i2c.o
 .debug_info    0x00009ee0     0x1135 C:\Users\Nguyen\Downloads\smt32_sum\build\13_stm32f4xx_hal_i2s.o
 .debug_info    0x0000b015      0xda6 C:\Users\Nguyen\Downloads\smt32_sum\build\14_stm32f4xx_hal_i2s_ex.o
 .debug_info    0x0000bdbb      0xb13 C:\Users\Nguyen\Downloads\smt32_sum\build\17_stm32f4xx_hal_rcc.o
 .debug_info    0x0000c8ce      0x6ba C:\Users\Nguyen\Downloads\smt32_sum\build\18_stm32f4xx_hal_rcc_ex.o
 .debug_info    0x0000cf88      0x10f C:/ST/STM32CubeIDE_1.19.0/STM32CubeIDE/plugins/com.st.stm32cube.ide.mcu.externaltools.gnu-tools-for-stm32.13.3.rel1.win32_1.0.0.202411081344/tools/bin/../lib/gcc/arm-none-eabi/13.3.1/../../../../arm-none-eabi/lib/thumb/v7e-m+fp/hard\libg_nano.a(libc_a-memmove.o)
 .debug_info    0x0000d097       0xe0 C:/ST/STM32CubeIDE_1.19.0/STM32CubeIDE/plugins/com.st.stm32cube.ide.mcu.externaltools.gnu-tools-for-stm32.13.3.rel1.win32_1.0.0.202411081344/tools/bin/../lib/gcc/arm-none-eabi/13.3.1/../../../../arm-none-eabi/lib/thumb/v7e-m+fp/hard\libg_nano.a(libc_a-memset.o)
 .debug_info    0x0000d177      0x10b C:/ST/STM32CubeIDE_1.19.0/STM32CubeIDE/plugins/com.st.stm32cube.ide.mcu.externaltools.gnu-tools-for-stm32.13.3.rel1.win32_1.0.0.202411081344/tools/bin/../lib/gcc/arm-none-eabi/13.3.1/../../../../arm-none-eabi/lib/thumb/v7e-m+fp/hard\libg_nano.a(libc_a-init.o)
 .debug_info    0x0000d282      0x121 C:/ST/STM32CubeIDE_1.19.0/STM32CubeIDE/plugins/com.st.stm32cube.ide.mcu.externaltools.gnu-tools-for-stm32.13.3.rel1.win32_1.0.0.202411081344/tools/bin/../lib/gcc/arm-none-eabi/13.3.1/../../../../arm-none-eabi/lib/thumb/v7e-m+fp/hard\libg_nano.a(libc_a-memcpy-stub.o)

.debug_abbrev   0x00000000     0x25a1
 .debug_abbrev  0x00000000      0x644 C:\Users\Nguyen\Downloads\smt32_sum\build\0_define_STM32F411xE.o
 .debug_abbrev  0x00000644      0x120 C:\Users\Nguyen\Downloads\smt32_sum\build\1_system_stm32f4xx.o
 .debug_abbrev  0x00000764       0x24 C:\Users\Nguyen\Downloads\smt32_sum\build\2_startup_stm32f411xe.o
 .debug_abbrev  0x00000788       0x49 C:\Users\Nguyen\Downloads\smt32_sum\build\3_runtime.o
 .debug_abbrev  0x000007d1      0x2bc C:\Users\Nguyen\Downloads\smt32_sum\build\4_stm32f4xx_hal.o
 .debug_abbrev  0x00000a8d      0x386 C:\Users\Nguyen\Downloads\smt32_sum\build\5_stm32f4xx_hal_cortex.o
 .debug_abbrev  0x00000e13      0x312 C:\Users\Nguyen\Downloads\smt32_sum\build\6_stm32f4xx_hal_dma.o
 .debug_abbrev  0x00001125      0x20a C:\Users\Nguyen\Downloads\smt32_sum\build\10_stm32f4xx_hal_gpio.o
 .debug_abbrev  0x0000132f      0x43f C:\Users\Nguyen\Downloads\smt32_sum\build\11_stm32f4xx_hal_i2c.o
 .debug_abbrev  0x0000176e      0x2de C:\Users\Nguyen\Downloads\smt32_sum\build\13_stm32f4xx_hal_i2s.o
 .debug_abbrev  0x00001a4c      0x36c C:\Users\Nguyen\Downloads\smt32_sum\build\14_stm32f4xx_hal_i2s_ex.o
 .debug_abbrev  0x00001db8      0x34e C:\Users\Nguyen\Downloads\smt32_sum\build\17_stm32f4xx_hal_rcc.o
 .debug_abbrev  0x00002106      0x1c7 C:\Users\Nguyen\Downloads\smt32_sum\build\18_stm32f4xx_hal_rcc_ex.o
 .debug_abbrev  0x000022cd       0xac C:/ST/STM32CubeIDE_1.19.0/STM32CubeIDE/plugins/com.st.stm32cube.ide.mcu.externaltools.gnu-tools-for-stm32.13.3.rel1.win32_1.0.0.202411081344/tools/bin/../lib/gcc/arm-none-eabi/13.3.1/../../../../arm-none-eabi/lib/thumb/v7e-m+fp/hard\libg_nano.a(libc_a-memmove.o)
 .debug_abbrev  0x00002379       0x9e C:/ST/STM32CubeIDE_1.19.0/STM32CubeIDE/plugins/com.st.stm32cube.ide.mcu.externaltools.gnu-tools-for-stm32.13.3.rel1.win32_1.0.0.202411081344/tools/bin/../lib/gcc/arm-none-eabi/13.3.1/../../../../arm-none-eabi/lib/thumb/v7e-m+fp/hard\libg_nano.a(libc_a-memset.o)
 .debug_abbrev  0x00002417       0xc9 C:/ST/STM32CubeIDE_1.19.0/STM32CubeIDE/plugins/com.st.stm32cube.ide.mcu.externaltools.gnu-tools-for-stm32.13.3.rel1.win32_1.0.0.202411081344/tools/bin/../lib/gcc/arm-none-eabi/13.3.1/../../../../arm-none-eabi/lib/thumb/v7e-m+fp/hard\libg_nano.a(libc_a-init.o)
 .debug_abbrev  0x000024e0       0xc1 C:/ST/STM32CubeIDE_1.19.0/STM32CubeIDE/plugins/com.st.stm32cube.ide.mcu.externaltools.gnu-tools-for-stm32.13.3.rel1.win32_1.0.0.202411081344/tools/bin/../lib/gcc/arm-none-eabi/13.3.1/../../../../arm-none-eabi/lib/thumb/v7e-m+fp/hard\libg_nano.a(libc_a-memcpy-stub.o)

.debug_loclists
                0x00000000     0x5333
 .debug_loclists
                0x00000000      0xa07 C:\Users\Nguyen\Downloads\smt32_sum\build\0_define_STM32F411xE.o
 .debug_loclists
                0x00000a07       0xc4 C:\Users\Nguyen\Downloads\smt32_sum\build\1_system_stm32f4xx.o
 .debug_loclists
                0x00000acb       0xd5 C:\Users\Nguyen\Downloads\smt32_sum\build\4_stm32f4xx_hal.o
 .debug_loclists
                0x00000ba0      0x410 C:\Users\Nguyen\Downloads\smt32_sum\build\5_stm32f4xx_hal_cortex.o
 .debug_loclists
                0x00000fb0      0x5d2 C:\Users\Nguyen\Downloads\smt32_sum\build\6_stm32f4xx_hal_dma.o
 .debug_loclists
                0x00001582      0x297 C:\Users\Nguyen\Downloads\smt32_sum\build\10_stm32f4xx_hal_gpio.o
 .debug_loclists
                0x00001819     0x259a C:\Users\Nguyen\Downloads\smt32_sum\build\11_stm32f4xx_hal_i2c.o
 .debug_loclists
                0x00003db3      0x7fb C:\Users\Nguyen\Downloads\smt32_sum\build\13_stm32f4xx_hal_i2s.o
 .debug_loclists
                0x000045ae      0x514 C:\Users\Nguyen\Downloads\smt32_sum\build\14_stm32f4xx_hal_i2s_ex.o
 .debug_loclists
                0x00004ac2      0x31a C:\Users\Nguyen\Downloads\smt32_sum\build\17_stm32f4xx_hal_rcc.o
 .debug_loclists
                0x00004ddc      0x2ad C:\Users\Nguyen\Downloads\smt32_sum\build\18_stm32f4xx_hal_rcc_ex.o
 .debug_loclists
                0x00005089      0x16c C:/ST/STM32CubeIDE_1.19.0/STM32CubeIDE/plugins/com.st.stm32cube.ide.mcu.externaltools.gnu-tools-for-stm32.13.3.rel1.win32_1.0.0.202411081344/tools/bin/../lib/gcc/arm-none-eabi/13.3.1/../../../../arm-none-eabi/lib/thumb/v7e-m+fp/hard\libg_nano.a(libc_a-memmove.o)
 .debug_loclists
                0x000051f5       0x4d C:/ST/STM32CubeIDE_1.19.0/STM32CubeIDE/plugins/com.st.stm32cube.ide.mcu.externaltools.gnu-tools-for-stm32.13.3.rel1.win32_1.0.0.202411081344/tools/bin/../lib/gcc/arm-none-eabi/13.3.1/../../../../arm-none-eabi/lib/thumb/v7e-m+fp/hard\libg_nano.a(libc_a-memset.o)
 .debug_loclists
                0x00005242       0x44 C:/ST/STM32CubeIDE_1.19.0/STM32CubeIDE/plugins/com.st.stm32cube.ide.mcu.externaltools.gnu-tools-for-stm32.13.3.rel1.win32_1.0.0.202411081344/tools/bin/../lib/gcc/arm-none-eabi/13.3.1/../../../../arm-none-eabi/lib/thumb/v7e-m+fp/hard\libg_nano.a(libc_a-init.o)
 .debug_loclists
                0x00005286       0xad C:/ST/STM32CubeIDE_1.19.0/STM32CubeIDE/plugins/com.st.stm32cube.ide.mcu.externaltools.gnu-tools-for-stm32.13.3.rel1.win32_1.0.0.202411081344/tools/bin/../lib/gcc/arm-none-eabi/13.3.1/../../../../arm-none-eabi/lib/thumb/v7e-m+fp/hard\libg_nano.a(libc_a-memcpy-stub.o)

.debug_aranges  0x00000000      0x8a8
 .debug_aranges
                0x00000000       0xe8 C:\Users\Nguyen\Downloads\smt32_sum\build\0_define_STM32F411xE.o
 .debug_aranges
                0x000000e8       0x28 C:\Users\Nguyen\Downloads\smt32_sum\build\1_system_stm32f4xx.o
 .debug_aranges
                0x00000110       0x28 C:\Users\Nguyen\Downloads\smt32_sum\build\2_startup_stm32f411xe.o
 .debug_aranges
                0x00000138       0x28 C:\Users\Nguyen\Downloads\smt32_sum\build\3_runtime.o
 .debug_aranges
                0x00000160       0xf0 C:\Users\Nguyen\Downloads\smt32_sum\build\4_stm32f4xx_hal.o
 .debug_aranges
                0x00000250       0xc0 C:\Users\Nguyen\Downloads\smt32_sum\build\5_stm32f4xx_hal_cortex.o
 .debug_aranges
                0x00000310       0x80 C:\Users\Nguyen\Downloads\smt32_sum\build\6_stm32f4xx_hal_dma.o
 .debug_aranges
                0x00000390       0x58 C:\Users\Nguyen\Downloads\smt32_sum\build\10_stm32f4xx_hal_gpio.o
 .debug_aranges
                0x000003e8      0x208 C:\Users\Nguyen\Downloads\smt32_sum\build\11_stm32f4xx_hal_i2c.o
 .debug_aranges
                0x000005f0       0xf8 C:\Users\Nguyen\Downloads\smt32_sum\build\13_stm32f4xx_hal_i2s.o
 .debug_aranges
                0x000006e8       0x68 C:\Users\Nguyen\Downloads\smt32_sum\build\14_stm32f4xx_hal_i2s_ex.o
 .debug_aranges
                0x00000750       0x88 C:\Users\Nguyen\Downloads\smt32_sum\build\17_stm32f4xx_hal_rcc.o
 .debug_aranges
                0x000007d8       0x50 C:\Users\Nguyen\Downloads\smt32_sum\build\18_stm32f4xx_hal_rcc_ex.o
 .debug_aranges
                0x00000828       0x20 C:/ST/STM32CubeIDE_1.19.0/STM32CubeIDE/plugins/com.st.stm32cube.ide.mcu.externaltools.gnu-tools-for-stm32.13.3.rel1.win32_1.0.0.202411081344/tools/bin/../lib/gcc/arm-none-eabi/13.3.1/../../../../arm-none-eabi/lib/thumb/v7e-m+fp/hard\libg_nano.a(libc_a-memmove.o)
 .debug_aranges
                0x00000848       0x20 C:/ST/STM32CubeIDE_1.19.0/STM32CubeIDE/plugins/com.st.stm32cube.ide.mcu.externaltools.gnu-tools-for-stm32.13.3.rel1.win32_1.0.0.202411081344/tools/bin/../lib/gcc/arm-none-eabi/13.3.1/../../../../arm-none-eabi/lib/thumb/v7e-m+fp/hard\libg_nano.a(libc_a-memset.o)
 .debug_aranges
                0x00000868       0x20 C:/ST/STM32CubeIDE_1.19.0/STM32CubeIDE/plugins/com.st.stm32cube.ide.mcu.externaltools.gnu-tools-for-stm32.13.3.rel1.win32_1.0.0.202411081344/tools/bin/../lib/gcc/arm-none-eabi/13.3.1/../../../../arm-none-eabi/lib/thumb/v7e-m+fp/hard\libg_nano.a(libc_a-init.o)
 .debug_aranges
                0x00000888       0x20 C:/ST/STM32CubeIDE_1.19.0/STM32CubeIDE/plugins/com.st.stm32cube.ide.mcu.externaltools.gnu-tools-for-stm32.13.3.rel1.win32_1.0.0.202411081344/tools/bin/../lib/gcc/arm-none-eabi/13.3.1/../../../../arm-none-eabi/lib/thumb/v7e-m+fp/hard\libg_nano.a(libc_a-memcpy-stub.o)

.debug_rnglists
                0x00000000      0xb05
 .debug_rnglists
                0x00000000      0x2ce C:\Users\Nguyen\Downloads\smt32_sum\build\0_define_STM32F411xE.o
 .debug_rnglists
                0x000002ce       0x19 C:\Users\Nguyen\Downloads\smt32_sum\build\1_system_stm32f4xx.o
 .debug_rnglists
                0x000002e7       0x19 C:\Users\Nguyen\Downloads\smt32_sum\build\2_startup_stm32f411xe.o
 .debug_rnglists
                0x00000300       0x19 C:\Users\Nguyen\Downloads\smt32_sum\build\3_runtime.o
 .debug_rnglists
                0x00000319       0xaf C:\Users\Nguyen\Downloads\smt32_sum\build\4_stm32f4xx_hal.o
 .debug_rnglists
                0x000003c8       0xf4 C:\Users\Nguyen\Downloads\smt32_sum\build\5_stm32f4xx_hal_cortex.o
 .debug_rnglists
                0x000004bc       0x79 C:\Users\Nguyen\Downloads\smt32_sum\build\6_stm32f4xx_hal_dma.o
 .debug_rnglists
                0x00000535       0x52 C:\Users\Nguyen\Downloads\smt32_sum\build\10_stm32f4xx_hal_gpio.o
 .debug_rnglists
                0x00000587      0x362 C:\Users\Nguyen\Downloads\smt32_sum\build\11_stm32f4xx_hal_i2c.o
 .debug_rnglists
                0x000008e9       0xbd C:\Users\Nguyen\Downloads\smt32_sum\build\13_stm32f4xx_hal_i2s.o
 .debug_rnglists
                0x000009a6       0x4e C:\Users\Nguyen\Downloads\smt32_sum\build\14_stm32f4xx_hal_i2s_ex.o
 .debug_rnglists
                0x000009f4       0x80 C:\Users\Nguyen\Downloads\smt32_sum\build\17_stm32f4xx_hal_rcc.o
 .debug_rnglists
                0x00000a74       0x45 C:\Users\Nguyen\Downloads\smt32_sum\build\18_stm32f4xx_hal_rcc_ex.o
 .debug_rnglists
                0x00000ab9       0x13 C:/ST/STM32CubeIDE_1.19.0/STM32CubeIDE/plugins/com.st.stm32cube.ide.mcu.externaltools.gnu-tools-for-stm32.13.3.rel1.win32_1.0.0.202411081344/tools/bin/../lib/gcc/arm-none-eabi/13.3.1/../../../../arm-none-eabi/lib/thumb/v7e-m+fp/hard\libg_nano.a(libc_a-memmove.o)
 .debug_rnglists
                0x00000acc       0x13 C:/ST/STM32CubeIDE_1.19.0/STM32CubeIDE/plugins/com.st.stm32cube.ide.mcu.externaltools.gnu-tools-for-stm32.13.3.rel1.win32_1.0.0.202411081344/tools/bin/../lib/gcc/arm-none-eabi/13.3.1/../../../../arm-none-eabi/lib/thumb/v7e-m+fp/hard\libg_nano.a(libc_a-memset.o)
 .debug_rnglists
                0x00000adf       0x13 C:/ST/STM32CubeIDE_1.19.0/STM32CubeIDE/plugins/com.st.stm32cube.ide.mcu.externaltools.gnu-tools-for-stm32.13.3.rel1.win32_1.0.0.202411081344/tools/bin/../lib/gcc/arm-none-eabi/13.3.1/../../../../arm-none-eabi/lib/thumb/v7e-m+fp/hard\libg_nano.a(libc_a-init.o)
 .debug_rnglists
                0x00000af2       0x13 C:/ST/STM32CubeIDE_1.19.0/STM32CubeIDE/plugins/com.st.stm32cube.ide.mcu.externaltools.gnu-tools-for-stm32.13.3.rel1.win32_1.0.0.202411081344/tools/bin/../lib/gcc/arm-none-eabi/13.3.1/../../../../arm-none-eabi/lib/thumb/v7e-m+fp/hard\libg_nano.a(libc_a-memcpy-stub.o)

.debug_macro    0x00000000    0x15491
 .debug_macro   0x00000000      0x28c C:\Users\Nguyen\Downloads\smt32_sum\build\0_define_STM32F411xE.o
 .debug_macro   0x0000028c      0xae4 C:\Users\Nguyen\Downloads\smt32_sum\build\0_define_STM32F411xE.o
 .debug_macro   0x00000d70       0x9a C:\Users\Nguyen\Downloads\smt32_sum\build\0_define_STM32F411xE.o
 .debug_macro   0x00000e0a       0x2e C:\Users\Nguyen\Downloads\smt32_sum\build\0_define_STM32F411xE.o
 .debug_macro   0x00000e38       0x28 C:\Users\Nguyen\Downloads\smt32_sum\build\0_define_STM32F411xE.o
 .debug_macro   0x00000e60       0x22 C:\Users\Nguyen\Downloads\smt32_sum\build\0_define_STM32F411xE.o
 .debug_macro   0x00000e82       0x56 C:\Users\Nguyen\Downloads\smt32_sum\build\0_define_STM32F411xE.o
 .debug_macro   0x00000ed8       0x51 C:\Users\Nguyen\Downloads\smt32_sum\build\0_define_STM32F411xE.o
 .debug_macro   0x00000f29      0x103 C:\Users\Nguyen\Downloads\smt32_sum\build\0_define_STM32F411xE.o
 .debug_macro   0x0000102c       0x6a C:\Users\Nguyen\Downloads\smt32_sum\build\0_define_STM32F411xE.o
 .debug_macro   0x00001096      0x1df C:\Users\Nguyen\Downloads\smt32_sum\build\0_define_STM32F411xE.o
 .debug_macro   0x00001275       0x1c C:\Users\Nguyen\Downloads\smt32_sum\build\0_define_STM32F411xE.o
 .debug_macro   0x00001291       0x22 C:\Users\Nguyen\Downloads\smt32_sum\build\0_define_STM32F411xE.o
 .debug_macro   0x000012b3       0xfb C:\Users\Nguyen\Downloads\smt32_sum\build\0_define_STM32F411xE.o
 .debug_macro   0x000013ae     0x1011 C:\Users\Nguyen\Downloads\smt32_sum\build\0_define_STM32F411xE.o
 .debug_macro   0x000023bf      0x11f C:\Users\Nguyen\Downloads\smt32_sum\build\0_define_STM32F411xE.o
 .debug_macro   0x000024de     0xb953 C:\Users\Nguyen\Downloads\smt32_sum\build\0_define_STM32F411xE.o
 .debug_macro   0x0000de31       0x6d C:\Users\Nguyen\Downloads\smt32_sum\build\0_define_STM32F411xE.o
 .debug_macro   0x0000de9e     0x369a C:\Users\Nguyen\Downloads\smt32_sum\build\0_define_STM32F411xE.o
 .debug_macro   0x00011538      0x190 C:\Users\Nguyen\Downloads\smt32_sum\build\0_define_STM32F411xE.o
 .debug_macro   0x000116c8       0x5c C:\Users\Nguyen\Downloads\smt32_sum\build\0_define_STM32F411xE.o
 .debug_macro   0x00011724      0x45c C:\Users\Nguyen\Downloads\smt32_sum\build\0_define_STM32F411xE.o
 .debug_macro   0x00011b80      0x9e9 C:\Users\Nguyen\Downloads\smt32_sum\build\0_define_STM32F411xE.o
 .debug_macro   0x00012569      0x115 C:\Users\Nguyen\Downloads\smt32_sum\build\0_define_STM32F411xE.o
 .debug_macro   0x0001267e      0x11b C:\Users\Nguyen\Downloads\smt32_sum\build\0_define_STM32F411xE.o
 .debug_macro   0x00012799       0xa5 C:\Users\Nguyen\Downloads\smt32_sum\build\0_define_STM32F411xE.o
 .debug_macro   0x0001283e      0x287 C:\Users\Nguyen\Downloads\smt32_sum\build\0_define_STM32F411xE.o
 .debug_macro   0x00012ac5       0x5f C:\Users\Nguyen\Downloads\smt32_sum\build\0_define_STM32F411xE.o
 .debug_macro   0x00012b24      0x236 C:\Users\Nguyen\Downloads\smt32_sum\build\0_define_STM32F411xE.o
 .debug_macro   0x00012d5a      0x1b5 C:\Users\Nguyen\Downloads\smt32_sum\build\0_define_STM32F411xE.o
 .debug_macro   0x00012f0f       0x22 C:\Users\Nguyen\Downloads\smt32_sum\build\0_define_STM32F411xE.o
 .debug_macro   0x00012f31       0xd6 C:\Users\Nguyen\Downloads\smt32_sum\build\0_define_STM32F411xE.o
 .debug_macro   0x00013007      0x1a7 C:\Users\Nguyen\Downloads\smt32_sum\build\0_define_STM32F411xE.o
 .debug_macro   0x000131ae       0x46 C:\Users\Nguyen\Downloads\smt32_sum\build\0_define_STM32F411xE.o
 .debug_macro   0x000131f4       0x4a C:\Users\Nguyen\Downloads\smt32_sum\build\0_define_STM32F411xE.o
 .debug_macro   0x0001323e      0x132 C:\Users\Nguyen\Downloads\smt32_sum\build\0_define_STM32F411xE.o
 .debug_macro   0x00013370      0x264 C:\Users\Nguyen\Downloads\smt32_sum\build\0_define_STM32F411xE.o
 .debug_macro   0x000135d4       0x2e C:\Users\Nguyen\Downloads\smt32_sum\build\0_define_STM32F411xE.o
 .debug_macro   0x00013602      0x127 C:\Users\Nguyen\Downloads\smt32_sum\build\0_define_STM32F411xE.o
 .debug_macro   0x00013729       0x85 C:\Users\Nguyen\Downloads\smt32_sum\build\0_define_STM32F411xE.o
 .debug_macro   0x000137ae       0x89 C:\Users\Nguyen\Downloads\smt32_sum\build\0_define_STM32F411xE.o
 .debug_macro   0x00013837      0x126 C:\Users\Nguyen\Downloads\smt32_sum\build\0_define_STM32F411xE.o
 .debug_macro   0x0001395d       0x22 C:\Users\Nguyen\Downloads\smt32_sum\build\0_define_STM32F411xE.o
 .debug_macro   0x0001397f       0x74 C:\Users\Nguyen\Downloads\smt32_sum\build\0_define_STM32F411xE.o
 .debug_macro   0x000139f3       0x2a C:\Users\Nguyen\Downloads\smt32_sum\build\0_define_STM32F411xE.o
 .debug_macro   0x00013a1d       0x3c C:\Users\Nguyen\Downloads\smt32_sum\build\0_define_STM32F411xE.o
 .debug_macro   0x00013a59       0x34 C:\Users\Nguyen\Downloads\smt32_sum\build\0_define_STM32F411xE.o
 .debug_macro   0x00013a8d      0x370 C:\Users\Nguyen\Downloads\smt32_sum\build\0_define_STM32F411xE.o
 .debug_macro   0x00013dfd       0x16 C:\Users\Nguyen\Downloads\smt32_sum\build\0_define_STM32F411xE.o
 .debug_macro   0x00013e13       0x4a C:\Users\Nguyen\Downloads\smt32_sum\build\0_define_STM32F411xE.o
 .debug_macro   0x00013e5d       0x34 C:\Users\Nguyen\Downloads\smt32_sum\build\0_define_STM32F411xE.o
 .debug_macro   0x00013e91       0x10 C:\Users\Nguyen\Downloads\smt32_sum\build\0_define_STM32F411xE.o
 .debug_macro   0x00013ea1       0x58 C:\Users\Nguyen\Downloads\smt32_sum\build\0_define_STM32F411xE.o
 .debug_macro   0x00013ef9      0x1e5 C:\Users\Nguyen\Downloads\smt32_sum\build\0_define_STM32F411xE.o
 .debug_macro   0x000140de       0x10 C:\Users\Nguyen\Downloads\smt32_sum\build\0_define_STM32F411xE.o
 .debug_macro   0x000140ee       0x3c C:\Users\Nguyen\Downloads\smt32_sum\build\0_define_STM32F411xE.o
 .debug_macro   0x0001412a       0x20 C:\Users\Nguyen\Downloads\smt32_sum\build\0_define_STM32F411xE.o
 .debug_macro   0x0001414a       0x3a C:\Users\Nguyen\Downloads\smt32_sum\build\0_define_STM32F411xE.o
 .debug_macro   0x00014184      0x1cf C:\Users\Nguyen\Downloads\smt32_sum\build\1_system_stm32f4xx.o
 .debug_macro   0x00014353       0x11 C:\Users\Nguyen\Downloads\smt32_sum\build\3_runtime.o
 .debug_macro   0x00014364      0x22f C:\Users\Nguyen\Downloads\smt32_sum\build\4_stm32f4xx_hal.o
 .debug_macro   0x00014593      0x1cf C:\Users\Nguyen\Downloads\smt32_sum\build\5_stm32f4xx_hal_cortex.o
 .debug_macro   0x00014762      0x1d5 C:\Users\Nguyen\Downloads\smt32_sum\build\6_stm32f4xx_hal_dma.o
 .debug_macro   0x00014937      0x1d5 C:\Users\Nguyen\Downloads\smt32_sum\build\10_stm32f4xx_hal_gpio.o
 .debug_macro   0x00014b0c      0x21d C:\Users\Nguyen\Downloads\smt32_sum\build\11_stm32f4xx_hal_i2c.o
 .debug_macro   0x00014d29      0x1d7 C:\Users\Nguyen\Downloads\smt32_sum\build\13_stm32f4xx_hal_i2s.o
 .debug_macro   0x00014f00      0x1cf C:\Users\Nguyen\Downloads\smt32_sum\build\14_stm32f4xx_hal_i2s_ex.o
 .debug_macro   0x000150cf      0x1f3 C:\Users\Nguyen\Downloads\smt32_sum\build\17_stm32f4xx_hal_rcc.o
 .debug_macro   0x000152c2      0x1cf C:\Users\Nguyen\Downloads\smt32_sum\build\18_stm32f4xx_hal_rcc_ex.o

.debug_line     0x00000000    0x107bf
 .debug_line    0x00000000     0x22d4 C:\Users\Nguyen\Downloads\smt32_sum\build\0_define_STM32F411xE.o
 .debug_line    0x000022d4      0x861 C:\Users\Nguyen\Downloads\smt32_sum\build\1_system_stm32f4xx.o
 .debug_line    0x00002b35       0x7a C:\Users\Nguyen\Downloads\smt32_sum\build\2_startup_stm32f411xe.o
 .debug_line    0x00002baf       0x78 C:\Users\Nguyen\Downloads\smt32_sum\build\3_runtime.o
 .debug_line    0x00002c27      0xb48 C:\Users\Nguyen\Downloads\smt32_sum\build\4_stm32f4xx_hal.o
 .debug_line    0x0000376f      0xe04 C:\Users\Nguyen\Downloads\smt32_sum\build\5_stm32f4xx_hal_cortex.o
 .debug_line    0x00004573     0x12f3 C:\Users\Nguyen\Downloads\smt32_sum\build\6_stm32f4xx_hal_dma.o
 .debug_line    0x00005866      0xc8d C:\Users\Nguyen\Downloads\smt32_sum\build\10_stm32f4xx_hal_gpio.o
 .debug_line    0x000064f3     0x525f C:\Users\Nguyen\Downloads\smt32_sum\build\11_stm32f4xx_hal_i2c.o
 .debug_line    0x0000b752     0x17e5 C:\Users\Nguyen\Downloads\smt32_sum\build\13_stm32f4xx_hal_i2s.o
 .debug_line    0x0000cf37     0x1396 C:\Users\Nguyen\Downloads\smt32_sum\build\14_stm32f4xx_hal_i2s_ex.o
 .debug_line    0x0000e2cd     0x1138 C:\Users\Nguyen\Downloads\smt32_sum\build\17_stm32f4xx_hal_rcc.o
 .debug_line    0x0000f405      0xd0e C:\Users\Nguyen\Downloads\smt32_sum\build\18_stm32f4xx_hal_rcc_ex.o
 .debug_line    0x00010113      0x1bc C:/ST/STM32CubeIDE_1.19.0/STM32CubeIDE/plugins/com.st.stm32cube.ide.mcu.externaltools.gnu-tools-for-stm32.13.3.rel1.win32_1.0.0.202411081344/tools/bin/../lib/gcc/arm-none-eabi/13.3.1/../../../../arm-none-eabi/lib/thumb/v7e-m+fp/hard\libg_nano.a(libc_a-memmove.o)
 .debug_line    0x000102cf      0x17e C:/ST/STM32CubeIDE_1.19.0/STM32CubeIDE/plugins/com.st.stm32cube.ide.mcu.externaltools.gnu-tools-for-stm32.13.3.rel1.win32_1.0.0.202411081344/tools/bin/../lib/gcc/arm-none-eabi/13.3.1/../../../../arm-none-eabi/lib/thumb/v7e-m+fp/hard\libg_nano.a(libc_a-memset.o)
 .debug_line    0x0001044d      0x170 C:/ST/STM32CubeIDE_1.19.0/STM32CubeIDE/plugins/com.st.stm32cube.ide.mcu.externaltools.gnu-tools-for-stm32.13.3.rel1.win32_1.0.0.202411081344/tools/bin/../lib/gcc/arm-none-eabi/13.3.1/../../../../arm-none-eabi/lib/thumb/v7e-m+fp/hard\libg_nano.a(libc_a-init.o)
 .debug_line    0x000105bd      0x202 C:/ST/STM32CubeIDE_1.19.0/STM32CubeIDE/plugins/com.st.stm32cube.ide.mcu.externaltools.gnu-tools-for-stm32.13.3.rel1.win32_1.0.0.202411081344/tools/bin/../lib/gcc/arm-none-eabi/13.3.1/../../../../arm-none-eabi/lib/thumb/v7e-m+fp/hard\libg_nano.a(libc_a-memcpy-stub.o)

.debug_str      0x00000000    0x861f6
 .debug_str     0x00000000    0x861f6 C:\Users\Nguyen\Downloads\smt32_sum\build\0_define_STM32F411xE.o
                              0x840e4 (size before relaxing)
 .debug_str     0x000861f6    0x80026 C:\Users\Nguyen\Downloads\smt32_sum\build\1_system_stm32f4xx.o
 .debug_str     0x000861f6       0x8c C:\Users\Nguyen\Downloads\smt32_sum\build\2_startup_stm32f411xe.o
 .debug_str     0x000861f6     0x2e95 C:\Users\Nguyen\Downloads\smt32_sum\build\3_runtime.o
 .debug_str     0x000861f6    0x80a3b C:\Users\Nguyen\Downloads\smt32_sum\build\4_stm32f4xx_hal.o
 .debug_str     0x000861f6    0x807a5 C:\Users\Nguyen\Downloads\smt32_sum\build\5_stm32f4xx_hal_cortex.o
 .debug_str     0x000861f6    0x80417 C:\Users\Nguyen\Downloads\smt32_sum\build\6_stm32f4xx_hal_dma.o
 .debug_str     0x000861f6    0x8018a C:\Users\Nguyen\Downloads\smt32_sum\build\10_stm32f4xx_hal_gpio.o
 .debug_str     0x000861f6    0x81020 C:\Users\Nguyen\Downloads\smt32_sum\build\11_stm32f4xx_hal_i2c.o
 .debug_str     0x000861f6    0x805ee C:\Users\Nguyen\Downloads\smt32_sum\build\13_stm32f4xx_hal_i2s.o
 .debug_str     0x000861f6    0x804e9 C:\Users\Nguyen\Downloads\smt32_sum\build\14_stm32f4xx_hal_i2s_ex.o
 .debug_str     0x000861f6    0x80454 C:\Users\Nguyen\Downloads\smt32_sum\build\17_stm32f4xx_hal_rcc.o
 .debug_str     0x000861f6    0x80197 C:\Users\Nguyen\Downloads\smt32_sum\build\18_stm32f4xx_hal_rcc_ex.o
 .debug_str     0x000861f6      0x22c C:/ST/STM32CubeIDE_1.19.0/STM32CubeIDE/plugins/com.st.stm32cube.ide.mcu.externaltools.gnu-tools-for-stm32.13.3.rel1.win32_1.0.0.202411081344/tools/bin/../lib/gcc/arm-none-eabi/13.3.1/../../../../arm-none-eabi/lib/thumb/v7e-m+fp/hard\libg_nano.a(libc_a-memmove.o)
 .debug_str     0x000861f6      0x211 C:/ST/STM32CubeIDE_1.19.0/STM32CubeIDE/plugins/com.st.stm32cube.ide.mcu.externaltools.gnu-tools-for-stm32.13.3.rel1.win32_1.0.0.202411081344/tools/bin/../lib/gcc/arm-none-eabi/13.3.1/../../../../arm-none-eabi/lib/thumb/v7e-m+fp/hard\libg_nano.a(libc_a-memset.o)
 .debug_str     0x000861f6      0x272 C:/ST/STM32CubeIDE_1.19.0/STM32CubeIDE/plugins/com.st.stm32cube.ide.mcu.externaltools.gnu-tools-for-stm32.13.3.rel1.win32_1.0.0.202411081344/tools/bin/../lib/gcc/arm-none-eabi/13.3.1/../../../../arm-none-eabi/lib/thumb/v7e-m+fp/hard\libg_nano.a(libc_a-init.o)
 .debug_str     0x000861f6      0x22f C:/ST/STM32CubeIDE_1.19.0/STM32CubeIDE/plugins/com.st.stm32cube.ide.mcu.externaltools.gnu-tools-for-stm32.13.3.rel1.win32_1.0.0.202411081344/tools/bin/../lib/gcc/arm-none-eabi/13.3.1/../../../../arm-none-eabi/lib/thumb/v7e-m+fp/hard\libg_nano.a(libc_a-memcpy-stub.o)

.comment        0x00000000       0x43
 .comment       0x00000000       0x43 C:\Users\Nguyen\Downloads\smt32_sum\build\0_define_STM32F411xE.o
                                 0x44 (size before relaxing)
 .comment       0x00000043       0x44 C:\Users\Nguyen\Downloads\smt32_sum\build\1_system_stm32f4xx.o
 .comment       0x00000043       0x44 C:\Users\Nguyen\Downloads\smt32_sum\build\3_runtime.o
 .comment       0x00000043       0x44 C:\Users\Nguyen\Downloads\smt32_sum\build\4_stm32f4xx_hal.o
 .comment       0x00000043       0x44 C:\Users\Nguyen\Downloads\smt32_sum\build\5_stm32f4xx_hal_cortex.o
 .comment       0x00000043       0x44 C:\Users\Nguyen\Downloads\smt32_sum\build\6_stm32f4xx_hal_dma.o
 .comment       0x00000043       0x44 C:\Users\Nguyen\Downloads\smt32_sum\build\10_stm32f4xx_hal_gpio.o
 .comment       0x00000043       0x44 C:\Users\Nguyen\Downloads\smt32_sum\build\11_stm32f4xx_hal_i2c.o
 .comment       0x00000043       0x44 C:\Users\Nguyen\Downloads\smt32_sum\build\13_stm32f4xx_hal_i2s.o
 .comment       0x00000043       0x44 C:\Users\Nguyen\Downloads\smt32_sum\build\14_stm32f4xx_hal_i2s_ex.o
 .comment       0x00000043       0x44 C:\Users\Nguyen\Downloads\smt32_sum\build\17_stm32f4xx_hal_rcc.o
 .comment       0x00000043       0x44 C:\Users\Nguyen\Downloads\smt32_sum\build\18_stm32f4xx_hal_rcc_ex.o
 .comment       0x00000043       0x44 C:/ST/STM32CubeIDE_1.19.0/STM32CubeIDE/plugins/com.st.stm32cube.ide.mcu.externaltools.gnu-tools-for-stm32.13.3.rel1.win32_1.0.0.202411081344/tools/bin/../lib/gcc/arm-none-eabi/13.3.1/../../../../arm-none-eabi/lib/thumb/v7e-m+fp/hard\libg_nano.a(libc_a-memmove.o)
 .comment       0x00000043       0x44 C:/ST/STM32CubeIDE_1.19.0/STM32CubeIDE/plugins/com.st.stm32cube.ide.mcu.externaltools.gnu-tools-for-stm32.13.3.rel1.win32_1.0.0.202411081344/tools/bin/../lib/gcc/arm-none-eabi/13.3.1/../../../../arm-none-eabi/lib/thumb/v7e-m+fp/hard\libg_nano.a(libc_a-memset.o)
 .comment       0x00000043       0x44 C:/ST/STM32CubeIDE_1.19.0/STM32CubeIDE/plugins/com.st.stm32cube.ide.mcu.externaltools.gnu-tools-for-stm32.13.3.rel1.win32_1.0.0.202411081344/tools/bin/../lib/gcc/arm-none-eabi/13.3.1/../../../../arm-none-eabi/lib/thumb/v7e-m+fp/hard\libg_nano.a(libc_a-init.o)
 .comment       0x00000043       0x44 C:/ST/STM32CubeIDE_1.19.0/STM32CubeIDE/plugins/com.st.stm32cube.ide.mcu.externaltools.gnu-tools-for-stm32.13.3.rel1.win32_1.0.0.202411081344/tools/bin/../lib/gcc/arm-none-eabi/13.3.1/../../../../arm-none-eabi/lib/thumb/v7e-m+fp/hard\libg_nano.a(libc_a-memcpy-stub.o)

.ARM.attributes
                0x00000000       0x32
 .ARM.attributes
                0x00000000       0x34 C:\Users\Nguyen\Downloads\smt32_sum\build\0_define_STM32F411xE.o
 .ARM.attributes
                0x00000034       0x34 C:\Users\Nguyen\Downloads\smt32_sum\build\1_system_stm32f4xx.o
 .ARM.attributes
                0x00000068       0x21 C:\Users\Nguyen\Downloads\smt32_sum\build\2_startup_stm32f411xe.o
 .ARM.attributes
                0x00000089       0x34 C:\Users\Nguyen\Downloads\smt32_sum\build\3_runtime.o
 .ARM.attributes
                0x000000bd       0x34 C:\Users\Nguyen\Downloads\smt32_sum\build\4_stm32f4xx_hal.o
 .ARM.attributes
                0x000000f1       0x34 C:\Users\Nguyen\Downloads\smt32_sum\build\5_stm32f4xx_hal_cortex.o
 .ARM.attributes
                0x00000125       0x34 C:\Users\Nguyen\Downloads\smt32_sum\build\6_stm32f4xx_hal_dma.o
 .ARM.attributes
                0x00000159       0x34 C:\Users\Nguyen\Downloads\smt32_sum\build\10_stm32f4xx_hal_gpio.o
 .ARM.attributes
                0x0000018d       0x34 C:\Users\Nguyen\Downloads\smt32_sum\build\11_stm32f4xx_hal_i2c.o
 .ARM.attributes
                0x000001c1       0x34 C:\Users\Nguyen\Downloads\smt32_sum\build\13_stm32f4xx_hal_i2s.o
 .ARM.attributes
                0x000001f5       0x34 C:\Users\Nguyen\Downloads\smt32_sum\build\14_stm32f4xx_hal_i2s_ex.o
 .ARM.attributes
                0x00000229       0x34 C:\Users\Nguyen\Downloads\smt32_sum\build\17_stm32f4xx_hal_rcc.o
 .ARM.attributes
                0x0000025d       0x34 C:\Users\Nguyen\Downloads\smt32_sum\build\18_stm32f4xx_hal_rcc_ex.o
 .ARM.attributes
                0x00000291       0x22 C:/ST/STM32CubeIDE_1.19.0/STM32CubeIDE/plugins/com.st.stm32cube.ide.mcu.externaltools.gnu-tools-for-stm32.13.3.rel1.win32_1.0.0.202411081344/tools/bin/../lib/gcc/arm-none-eabi/13.3.1/thumb/v7e-m+fp/hard\libgcc.a(_aeabi_uldivmod.o)
 .ARM.attributes
                0x000002b3       0x34 C:/ST/STM32CubeIDE_1.19.0/STM32CubeIDE/plugins/com.st.stm32cube.ide.mcu.externaltools.gnu-tools-for-stm32.13.3.rel1.win32_1.0.0.202411081344/tools/bin/../lib/gcc/arm-none-eabi/13.3.1/thumb/v7e-m+fp/hard\libgcc.a(_udivmoddi4.o)
 .ARM.attributes
                0x000002e7       0x22 C:/ST/STM32CubeIDE_1.19.0/STM32CubeIDE/plugins/com.st.stm32cube.ide.mcu.externaltools.gnu-tools-for-stm32.13.3.rel1.win32_1.0.0.202411081344/tools/bin/../lib/gcc/arm-none-eabi/13.3.1/thumb/v7e-m+fp/hard\libgcc.a(_dvmd_tls.o)
 .ARM.attributes
                0x00000309       0x34 C:/ST/STM32CubeIDE_1.19.0/STM32CubeIDE/plugins/com.st.stm32cube.ide.mcu.externaltools.gnu-tools-for-stm32.13.3.rel1.win32_1.0.0.202411081344/tools/bin/../lib/gcc/arm-none-eabi/13.3.1/../../../../arm-none-eabi/lib/thumb/v7e-m+fp/hard\libg_nano.a(libc_a-memmove.o)
 .ARM.attributes
                0x0000033d       0x34 C:/ST/STM32CubeIDE_1.19.0/STM32CubeIDE/plugins/com.st.stm32cube.ide.mcu.externaltools.gnu-tools-for-stm32.13.3.rel1.win32_1.0.0.202411081344/tools/bin/../lib/gcc/arm-none-eabi/13.3.1/../../../../arm-none-eabi/lib/thumb/v7e-m+fp/hard\libg_nano.a(libc_a-memset.o)
 .ARM.attributes
                0x00000371       0x34 C:/ST/STM32CubeIDE_1.19.0/STM32CubeIDE/plugins/com.st.stm32cube.ide.mcu.externaltools.gnu-tools-for-stm32.13.3.rel1.win32_1.0.0.202411081344/tools/bin/../lib/gcc/arm-none-eabi/13.3.1/../../../../arm-none-eabi/lib/thumb/v7e-m+fp/hard\libg_nano.a(libc_a-init.o)
 .ARM.attributes
                0x000003a5       0x34 C:/ST/STM32CubeIDE_1.19.0/STM32CubeIDE/plugins/com.st.stm32cube.ide.mcu.externaltools.gnu-tools-for-stm32.13.3.rel1.win32_1.0.0.202411081344/tools/bin/../lib/gcc/arm-none-eabi/13.3.1/../../../../arm-none-eabi/lib/thumb/v7e-m+fp/hard\libg_nano.a(libc_a-memcpy-stub.o)

.debug_frame    0x00000000     0x16ac
 .debug_frame   0x00000000      0x288 C:\Users\Nguyen\Downloads\smt32_sum\build\0_define_STM32F411xE.o
 .debug_frame   0x00000288       0x30 C:\Users\Nguyen\Downloads\smt32_sum\build\1_system_stm32f4xx.o
 .debug_frame   0x000002b8       0x30 C:\Users\Nguyen\Downloads\smt32_sum\build\3_runtime.o
 .debug_frame   0x000002e8      0x1f4 C:\Users\Nguyen\Downloads\smt32_sum\build\4_stm32f4xx_hal.o
 .debug_frame   0x000004dc      0x180 C:\Users\Nguyen\Downloads\smt32_sum\build\5_stm32f4xx_hal_cortex.o
 .debug_frame   0x0000065c      0x16c C:\Users\Nguyen\Downloads\smt32_sum\build\6_stm32f4xx_hal_dma.o
 .debug_frame   0x000007c8       0xd4 C:\Users\Nguyen\Downloads\smt32_sum\build\10_stm32f4xx_hal_gpio.o
 .debug_frame   0x0000089c      0x758 C:\Users\Nguyen\Downloads\smt32_sum\build\11_stm32f4xx_hal_i2c.o
 .debug_frame   0x00000ff4      0x294 C:\Users\Nguyen\Downloads\smt32_sum\build\13_stm32f4xx_hal_i2s.o
 .debug_frame   0x00001288      0x134 C:\Users\Nguyen\Downloads\smt32_sum\build\14_stm32f4xx_hal_i2s_ex.o
 .debug_frame   0x000013bc      0x13c C:\Users\Nguyen\Downloads\smt32_sum\build\17_stm32f4xx_hal_rcc.o
 .debug_frame   0x000014f8       0xb8 C:\Users\Nguyen\Downloads\smt32_sum\build\18_stm32f4xx_hal_rcc_ex.o
 .debug_frame   0x000015b0       0x2c C:/ST/STM32CubeIDE_1.19.0/STM32CubeIDE/plugins/com.st.stm32cube.ide.mcu.externaltools.gnu-tools-for-stm32.13.3.rel1.win32_1.0.0.202411081344/tools/bin/../lib/gcc/arm-none-eabi/13.3.1/thumb/v7e-m+fp/hard\libgcc.a(_aeabi_uldivmod.o)
 .debug_frame   0x000015dc       0x34 C:/ST/STM32CubeIDE_1.19.0/STM32CubeIDE/plugins/com.st.stm32cube.ide.mcu.externaltools.gnu-tools-for-stm32.13.3.rel1.win32_1.0.0.202411081344/tools/bin/../lib/gcc/arm-none-eabi/13.3.1/thumb/v7e-m+fp/hard\libgcc.a(_udivmoddi4.o)
 .debug_frame   0x00001610       0x28 C:/ST/STM32CubeIDE_1.19.0/STM32CubeIDE/plugins/com.st.stm32cube.ide.mcu.externaltools.gnu-tools-for-stm32.13.3.rel1.win32_1.0.0.202411081344/tools/bin/../lib/gcc/arm-none-eabi/13.3.1/../../../../arm-none-eabi/lib/thumb/v7e-m+fp/hard\libg_nano.a(libc_a-memmove.o)
 .debug_frame   0x00001638       0x20 C:/ST/STM32CubeIDE_1.19.0/STM32CubeIDE/plugins/com.st.stm32cube.ide.mcu.externaltools.gnu-tools-for-stm32.13.3.rel1.win32_1.0.0.202411081344/tools/bin/../lib/gcc/arm-none-eabi/13.3.1/../../../../arm-none-eabi/lib/thumb/v7e-m+fp/hard\libg_nano.a(libc_a-memset.o)
 .debug_frame   0x00001658       0x2c C:/ST/STM32CubeIDE_1.19.0/STM32CubeIDE/plugins/com.st.stm32cube.ide.mcu.externaltools.gnu-tools-for-stm32.13.3.rel1.win32_1.0.0.202411081344/tools/bin/../lib/gcc/arm-none-eabi/13.3.1/../../../../arm-none-eabi/lib/thumb/v7e-m+fp/hard\libg_nano.a(libc_a-init.o)
 .debug_frame   0x00001684       0x28 C:/ST/STM32CubeIDE_1.19.0/STM32CubeIDE/plugins/com.st.stm32cube.ide.mcu.externaltools.gnu-tools-for-stm32.13.3.rel1.win32_1.0.0.202411081344/tools/bin/../lib/gcc/arm-none-eabi/13.3.1/../../../../arm-none-eabi/lib/thumb/v7e-m+fp/hard\libg_nano.a(libc_a-memcpy-stub.o)

.debug_line_str
                0x00000000       0x70
 .debug_line_str
                0x00000000       0x70 C:\Users\Nguyen\Downloads\smt32_sum\build\2_startup_stm32f411xe.o
